Component: ARM Compiler 5.06 update 7 (build 960) Tool: armlink [4d3601]

==============================================================================

Section Cross References

    startup_stm32f103xb.o(RESET) refers to startup_stm32f103xb.o(STACK) for __initial_sp
    startup_stm32f103xb.o(RESET) refers to startup_stm32f103xb.o(.text) for Reset_Handler
    startup_stm32f103xb.o(RESET) refers to stm32f1xx_it.o(i.NMI_Handler) for NMI_Handler
    startup_stm32f103xb.o(RESET) refers to stm32f1xx_it.o(i.HardFault_Handler) for HardFault_Handler
    startup_stm32f103xb.o(RESET) refers to stm32f1xx_it.o(i.MemManage_Handler) for MemManage_Handler
    startup_stm32f103xb.o(RESET) refers to stm32f1xx_it.o(i.BusFault_Handler) for BusFault_Handler
    startup_stm32f103xb.o(RESET) refers to stm32f1xx_it.o(i.UsageFault_Handler) for UsageFault_Handler
    startup_stm32f103xb.o(RESET) refers to port.o(.emb_text) for SVC_Handler
    startup_stm32f103xb.o(RESET) refers to stm32f1xx_it.o(i.DebugMon_Handler) for DebugMon_Handler
    startup_stm32f103xb.o(RESET) refers to port.o(i.SysTick_Handler) for SysTick_Handler
    startup_stm32f103xb.o(RESET) refers to stm32f1xx_it.o(i.TIM4_IRQHandler) for TIM4_IRQHandler
    startup_stm32f103xb.o(RESET) refers to stm32f1xx_it.o(i.EXTI15_10_IRQHandler) for EXTI15_10_IRQHandler
    startup_stm32f103xb.o(.text) refers to system_stm32f1xx.o(i.SystemInit) for SystemInit
    startup_stm32f103xb.o(.text) refers to entry.o(.ARM.Collect$$$$00000000) for __main
    main.o(i.HAL_TIM_PeriodElapsedCallback) refers to stm32f1xx_hal.o(i.HAL_IncTick) for HAL_IncTick
    main.o(i.SystemClock_Config) refers to memseta.o(.text) for __aeabi_memclr4
    main.o(i.SystemClock_Config) refers to stm32f1xx_hal_rcc.o(i.HAL_RCC_OscConfig) for HAL_RCC_OscConfig
    main.o(i.SystemClock_Config) refers to stm32f1xx_hal_rcc.o(i.HAL_RCC_ClockConfig) for HAL_RCC_ClockConfig
    main.o(i.SystemClock_Config) refers to stm32f1xx_hal_rcc_ex.o(i.HAL_RCCEx_PeriphCLKConfig) for HAL_RCCEx_PeriphCLKConfig
    main.o(i.main) refers to stm32f1xx_hal.o(i.HAL_Init) for HAL_Init
    main.o(i.main) refers to main.o(i.SystemClock_Config) for SystemClock_Config
    main.o(i.main) refers to gpio.o(i.MX_GPIO_Init) for MX_GPIO_Init
    main.o(i.main) refers to i2c.o(i.MX_I2C1_Init) for MX_I2C1_Init
    main.o(i.main) refers to adc.o(i.MX_ADC1_Init) for MX_ADC1_Init
    main.o(i.main) refers to spi.o(i.MX_SPI1_Init) for MX_SPI1_Init
    main.o(i.main) refers to usb.o(i.MX_USB_PCD_Init) for MX_USB_PCD_Init
    main.o(i.main) refers to tim.o(i.MX_TIM1_Init) for MX_TIM1_Init
    main.o(i.main) refers to tim.o(i.MX_TIM2_Init) for MX_TIM2_Init
    main.o(i.main) refers to tim.o(i.MX_TIM3_Init) for MX_TIM3_Init
    main.o(i.main) refers to usart.o(i.MX_USART1_UART_Init) for MX_USART1_UART_Init
    main.o(i.main) refers to cmsis_os2.o(i.osKernelInitialize) for osKernelInitialize
    main.o(i.main) refers to freertos.o(i.MX_FREERTOS_Init) for MX_FREERTOS_Init
    main.o(i.main) refers to cmsis_os2.o(i.osKernelStart) for osKernelStart
    gpio.o(i.MX_GPIO_Init) refers to stm32f1xx_hal_gpio.o(i.HAL_GPIO_WritePin) for HAL_GPIO_WritePin
    gpio.o(i.MX_GPIO_Init) refers to stm32f1xx_hal_gpio.o(i.HAL_GPIO_Init) for HAL_GPIO_Init
    gpio.o(i.MX_GPIO_Init) refers to stm32f1xx_hal_cortex.o(i.HAL_NVIC_SetPriority) for HAL_NVIC_SetPriority
    gpio.o(i.MX_GPIO_Init) refers to stm32f1xx_hal_cortex.o(i.HAL_NVIC_EnableIRQ) for HAL_NVIC_EnableIRQ
    freertos.o(i.MX_FREERTOS_Init) refers to cmsis_os2.o(i.osThreadNew) for osThreadNew
    freertos.o(i.MX_FREERTOS_Init) refers to tasks.o(i.xTaskCreateStatic) for xTaskCreateStatic
    freertos.o(i.MX_FREERTOS_Init) refers to freertos.o(.constdata) for .constdata
    freertos.o(i.MX_FREERTOS_Init) refers to freertos.o(i.StartDefaultTask) for StartDefaultTask
    freertos.o(i.MX_FREERTOS_Init) refers to freertos.o(.data) for .data
    freertos.o(i.MX_FREERTOS_Init) refers to freertos.o(.bss) for .bss
    freertos.o(i.MX_FREERTOS_Init) refers to driver_led.o(i.Led_Test) for Led_Test
    freertos.o(i.MX_FREERTOS_Init) refers to driver_color_led.o(i.ColorLED_Test) for ColorLED_Test
    freertos.o(i.StartDefaultTask) refers to driver_lcd.o(i.LCD_Init) for LCD_Init
    freertos.o(i.StartDefaultTask) refers to driver_lcd.o(i.LCD_Clear) for LCD_Clear
    freertos.o(i.StartDefaultTask) refers to driver_ir_receiver.o(i.IRReceiver_Init) for IRReceiver_Init
    freertos.o(i.StartDefaultTask) refers to driver_lcd.o(i.LCD_PrintString) for LCD_PrintString
    freertos.o(i.StartDefaultTask) refers to driver_ir_receiver.o(i.IRReceiver_Read) for IRReceiver_Read
    freertos.o(i.StartDefaultTask) refers to driver_lcd.o(i.LCD_ClearLine) for LCD_ClearLine
    freertos.o(i.StartDefaultTask) refers to tasks.o(i.vTaskDelete) for vTaskDelete
    freertos.o(i.StartDefaultTask) refers to driver_passive_buzzer.o(i.PassiveBuzzer_Control) for PassiveBuzzer_Control
[...]
    i.OLED_PutChar                           0x08002c8c   Section        0  driver_oled.o(i.OLED_PutChar)
    i.OLED_SetComConfig                      0x08002cd4   Section        0  driver_oled.o(i.OLED_SetComConfig)
    OLED_SetComConfig                        0x08002cd5   Thumb Code    44  driver_oled.o(i.OLED_SetComConfig)
    i.OLED_SetPosition                       0x08002d00   Section        0  driver_oled.o(i.OLED_SetPosition)
    i.OLED_WriteCmd                          0x08002d40   Section        0  driver_oled.o(i.OLED_WriteCmd)
    OLED_WriteCmd                            0x08002d41   Thumb Code    34  driver_oled.o(i.OLED_WriteCmd)
    i.OLED_WriteNBytes                       0x08002d68   Section        0  driver_oled.o(i.OLED_WriteNBytes)
    OLED_WriteNBytes                         0x08002d69   Thumb Code    26  driver_oled.o(i.OLED_WriteNBytes)
    i.PassiveBuzzer_Control                  0x08002d88   Section        0  driver_passive_buzzer.o(i.PassiveBuzzer_Control)
    i.PassiveBuzzer_Init                     0x08002da0   Section        0  driver_passive_buzzer.o(i.PassiveBuzzer_Init)
    i.PassiveBuzzer_Set_Freq_Duty            0x08002e08   Section        0  driver_passive_buzzer.o(i.PassiveBuzzer_Set_Freq_Duty)
    i.PlayMusic                              0x08002e90   Section        0  music.o(i.PlayMusic)
    i.PutKeyToBuf                            0x08002e9c   Section        0  driver_ir_receiver.o(i.PutKeyToBuf)
    PutKeyToBuf                              0x08002e9d   Thumb Code    36  driver_ir_receiver.o(i.PutKeyToBuf)
    i.RotaryEncoder_IRQ_Callback             0x08002ec8   Section        0  driver_rotary_encoder.o(i.RotaryEncoder_IRQ_Callback)
    i.StartDefaultTask                       0x08002f34   Section        0  freertos.o(i.StartDefaultTask)
    i.SysTick_Handler                        0x08002ff8   Section        0  port.o(i.SysTick_Handler)
    i.SystemClock_Config                     0x08003024   Section        0  main.o(i.SystemClock_Config)
    i.SystemInit                             0x080030a0   Section        0  system_stm32f1xx.o(i.SystemInit)
    i.TIM4_IRQHandler                        0x080030a4   Section        0  stm32f1xx_it.o(i.TIM4_IRQHandler)
    i.TIM_Base_SetConfig                     0x080030b0   Section        0  stm32f1xx_hal_tim.o(i.TIM_Base_SetConfig)
    i.TIM_CCxChannelCmd                      0x0800311c   Section        0  stm32f1xx_hal_tim.o(i.TIM_CCxChannelCmd)
    i.TIM_ETR_SetConfig                      0x08003136   Section        0  stm32f1xx_hal_tim.o(i.TIM_ETR_SetConfig)
    i.TIM_ITRx_SetConfig                     0x0800314a   Section        0  stm32f1xx_hal_tim.o(i.TIM_ITRx_SetConfig)
    TIM_ITRx_SetConfig                       0x0800314b   Thumb Code    16  stm32f1xx_hal_tim.o(i.TIM_ITRx_SetConfig)
    i.TIM_OC1_SetConfig                      0x0800315c   Section        0  stm32f1xx_hal_tim.o(i.TIM_OC1_SetConfig)
    TIM_OC1_SetConfig                        0x0800315d   Thumb Code    74  stm32f1xx_hal_tim.o(i.TIM_OC1_SetConfig)
    i.TIM_OC2_SetConfig                      0x080031ac   Section        0  stm32f1xx_hal_tim.o(i.TIM_OC2_SetConfig)
    i.TIM_OC3_SetConfig                      0x08003204   Section        0  stm32f1xx_hal_tim.o(i.TIM_OC3_SetConfig)
    TIM_OC3_SetConfig                        0x08003205   Thumb Code    82  stm32f1xx_hal_tim.o(i.TIM_OC3_SetConfig)
    i.TIM_OC4_SetConfig                      0x0800325c   Section        0  stm32f1xx_hal_tim.o(i.TIM_OC4_SetConfig)
    TIM_OC4_SetConfig                        0x0800325d   Thumb Code    64  stm32f1xx_hal_tim.o(i.TIM_OC4_SetConfig)
    i.TIM_TI1_ConfigInputStage               0x080032a0   Section        0  stm32f1xx_hal_tim.o(i.TIM_TI1_ConfigInputStage)
    TIM_TI1_ConfigInputStage                 0x080032a1   Thumb Code    34  stm32f1xx_hal_tim.o(i.TIM_TI1_ConfigInputStage)
    i.TIM_TI2_ConfigInputStage               0x080032c2   Section        0  stm32f1xx_hal_tim.o(i.TIM_TI2_ConfigInputStage)
    TIM_TI2_ConfigInputStage                 0x080032c3   Thumb Code    36  stm32f1xx_hal_tim.o(i.TIM_TI2_ConfigInputStage)
    i.UART_SetConfig                         0x080032e8   Section        0  stm32f1xx_hal_uart.o(i.UART_SetConfig)
    UART_SetConfig                           0x080032e9   Thumb Code   178  stm32f1xx_hal_uart.o(i.UART_SetConfig)
    i.USB_CoreInit                           0x080033a0   Section        0  stm32f1xx_ll_usb.o(i.USB_CoreInit)
    i.USB_DevDisconnect                      0x080033a4   Section        0  stm32f1xx_ll_usb.o(i.USB_DevDisconnect)
    i.USB_DevInit                            0x080033a8   Section        0  stm32f1xx_ll_usb.o(i.USB_DevInit)
    i.USB_DisableGlobalInt                   0x080033ba   Section        0  stm32f1xx_ll_usb.o(i.USB_DisableGlobalInt)
    i.USB_SetCurrentMode                     0x080033c8   Section        0  stm32f1xx_ll_usb.o(i.USB_SetCurrentMode)
    i.UsageFault_Handler                     0x080033cc   Section        0  stm32f1xx_it.o(i.UsageFault_Handler)
    i.__NVIC_SetPriority                     0x080033ce   Section        0  stm32f1xx_hal_cortex.o(i.__NVIC_SetPriority)
    __NVIC_SetPriority                       0x080033cf   Thumb Code    32  stm32f1xx_hal_cortex.o(i.__NVIC_SetPriority)
    i.__scatterload_copy                     0x080033ee   Section       14  handlers.o(i.__scatterload_copy)
    i.__scatterload_null                     0x080033fc   Section        2  handlers.o(i.__scatterload_null)
    i.__scatterload_zeroinit                 0x080033fe   Section       14  handlers.o(i.__scatterload_zeroinit)
    i.main                                   0x0800340c   Section        0  main.o(i.main)
    i.mdelay                                 0x08003446   Section        0  driver_timer.o(i.mdelay)
    i.osKernelInitialize                     0x08003460   Section        0  cmsis_os2.o(i.osKernelInitialize)
    i.osKernelStart                          0x08003498   Section        0  cmsis_os2.o(i.osKernelStart)
    i.osThreadNew                            0x080034d8   Section        0  cmsis_os2.o(i.osThreadNew)
    i.prvAddCurrentTaskToDelayedList         0x0800357c   Section        0  tasks.o(i.prvAddCurrentTaskToDelayedList)
    prvAddCurrentTaskToDelayedList           0x0800357d   Thumb Code    84  tasks.o(i.prvAddCurrentTaskToDelayedList)
    i.prvAddNewTaskToReadyList               0x080035d8   Section        0  tasks.o(i.prvAddNewTaskToReadyList)
    prvAddNewTaskToReadyList                 0x080035d9   Thumb Code   190  tasks.o(i.prvAddNewTaskToReadyList)
    i.prvCheckForValidListAndQueue           0x080036a8   Section        0  timers.o(i.prvCheckForValidListAndQueue)
    prvCheckForValidListAndQueue             0x080036a9   Thumb Code    72  timers.o(i.prvCheckForValidListAndQueue)
    i.prvCopyDataFromQueue                   0x08003700   Section        0  queue.o(i.prvCopyDataFromQueue)
    prvCopyDataFromQueue                     0x08003701   Thumb Code    38  queue.o(i.prvCopyDataFromQueue)
    i.prvCopyDataToQueue                     0x08003726   Section        0  queue.o(i.prvCopyDataToQueue)
    prvCopyDataToQueue                       0x08003727   Thumb Code   108  queue.o(i.prvCopyDataToQueue)
    i.prvDeleteTCB                           0x08003792   Section        0  tasks.o(i.prvDeleteTCB)
    prvDeleteTCB                             0x08003793   Thumb Code    52  tasks.o(i.prvDeleteTCB)
    i.prvHeapInit                            0x080037c8   Section        0  heap_4.o(i.prvHeapInit)
    prvHeapInit                              0x080037c9   Thumb Code    66  heap_4.o(i.prvHeapInit)
    i.prvIdleTask                            0x08003814   Section        0  tasks.o(i.prvIdleTask)
    prvIdleTask                              0x08003815   Thumb Code    82  tasks.o(i.prvIdleTask)
    i.prvInitialiseNewQueue                  0x08003874   Section        0  queue.o(i.prvInitialiseNewQueue)
    prvInitialiseNewQueue                    0x08003875   Thumb Code    34  queue.o(i.prvInitialiseNewQueue)
    i.prvInitialiseNewTask                   0x08003896   Section        0  tasks.o(i.prvInitialiseNewTask)
    prvInitialiseNewTask                     0x08003897   Thumb Code   156  tasks.o(i.prvInitialiseNewTask)
    i.prvInsertBlockIntoFreeList             0x08003934   Section        0  heap_4.o(i.prvInsertBlockIntoFreeList)
    prvInsertBlockIntoFreeList               0x08003935   Thumb Code    72  heap_4.o(i.prvInsertBlockIntoFreeList)
    i.prvInsertTimerInActiveList             0x08003980   Section        0  timers.o(i.prvInsertTimerInActiveList)
    prvInsertTimerInActiveList               0x08003981   Thumb Code    52  timers.o(i.prvInsertTimerInActiveList)
    i.prvIsQueueEmpty                        0x080039b8   Section        0  queue.o(i.prvIsQueueEmpty)
    prvIsQueueEmpty                          0x080039b9   Thumb Code    28  queue.o(i.prvIsQueueEmpty)
    i.prvProcessReceivedCommands             0x080039d4   Section        0  timers.o(i.prvProcessReceivedCommands)
    prvProcessReceivedCommands               0x080039d5   Thumb Code   198  timers.o(i.prvProcessReceivedCommands)
    i.prvProcessTimerOrBlockTask             0x08003aa0   Section        0  timers.o(i.prvProcessTimerOrBlockTask)
    prvProcessTimerOrBlockTask               0x08003aa1   Thumb Code   172  timers.o(i.prvProcessTimerOrBlockTask)
    i.prvResetNextTaskUnblockTime            0x08003b54   Section        0  tasks.o(i.prvResetNextTaskUnblockTime)
    prvResetNextTaskUnblockTime              0x08003b55   Thumb Code    26  tasks.o(i.prvResetNextTaskUnblockTime)
    i.prvSampleTimeNow                       0x08003b74   Section        0  timers.o(i.prvSampleTimeNow)
    prvSampleTimeNow                         0x08003b75   Thumb Code    36  timers.o(i.prvSampleTimeNow)
    i.prvSwitchTimerLists                    0x08003b9c   Section        0  timers.o(i.prvSwitchTimerLists)
    prvSwitchTimerLists                      0x08003b9d   Thumb Code   102  timers.o(i.prvSwitchTimerLists)
    i.prvTaskExitError                       0x08003c08   Section        0  port.o(i.prvTaskExitError)
    prvTaskExitError                         0x08003c09   Thumb Code    36  port.o(i.prvTaskExitError)
    i.prvTimerTask                           0x08003c30   Section        0  timers.o(i.prvTimerTask)
    prvTimerTask                             0x08003c31   Thumb Code    32  timers.o(i.prvTimerTask)
    i.prvUnlockQueue                         0x08003c54   Section        0  queue.o(i.prvUnlockQueue)
    prvUnlockQueue                           0x08003c55   Thumb Code   106  queue.o(i.prvUnlockQueue)
    i.pvPortMalloc                           0x08003cc0   Section        0  heap_4.o(i.pvPortMalloc)
    i.pxPortInitialiseStack                  0x08003d98   Section        0  port.o(i.pxPortInitialiseStack)
    i.system_get_ns                          0x08003dbc   Section        0  driver_timer.o(i.system_get_ns)
    i.udelay                                 0x08003e00   Section        0  driver_timer.o(i.udelay)
    i.uxListRemove                           0x08003e38   Section        0  list.o(i.uxListRemove)
    i.vApplicationGetIdleTaskMemory          0x08003e60   Section        0  cmsis_os2.o(i.vApplicationGetIdleTaskMemory)
    i.vApplicationGetTimerTaskMemory         0x08003e74   Section        0  cmsis_os2.o(i.vApplicationGetTimerTaskMemory)
    i.vListInitialise                        0x08003e8c   Section        0  list.o(i.vListInitialise)
    i.vListInitialiseItem                    0x08003ea2   Section        0  list.o(i.vListInitialiseItem)
    i.vListInsert                            0x08003ea8   Section        0  list.o(i.vListInsert)
    i.vListInsertEnd                         0x08003ed8   Section        0  list.o(i.vListInsertEnd)
    i.vPortEnterCritical                     0x08003ef0   Section        0  port.o(i.vPortEnterCritical)
    i.vPortExitCritical                      0x08003f30   Section        0  port.o(i.vPortExitCritical)
    i.vPortFree                              0x08003f58   Section        0  heap_4.o(i.vPortFree)
    i.vPortSetupTimerInterrupt               0x08003fb4   Section        0  port.o(i.vPortSetupTimerInterrupt)
    i.vPortValidateInterruptPriority         0x08003fd8   Section        0  port.o(i.vPortValidateInterruptPriority)
    i.vQueueAddToRegistry                    0x0800402c   Section        0  queue.o(i.vQueueAddToRegistry)
    i.vQueueWaitForMessageRestricted         0x08004054   Section        0  queue.o(i.vQueueWaitForMessageRestricted)
    i.vTaskDelete                            0x08004098   Section        0  tasks.o(i.vTaskDelete)
    i.vTaskInternalSetTimeOutState           0x08004128   Section        0  tasks.o(i.vTaskInternalSetTimeOutState)
    i.vTaskMissedYield                       0x08004138   Section        0  tasks.o(i.vTaskMissedYield)
    i.vTaskPlaceOnEventList                  0x08004144   Section        0  tasks.o(i.vTaskPlaceOnEventList)
    i.vTaskPlaceOnEventListRestricted        0x08004174   Section        0  tasks.o(i.vTaskPlaceOnEventListRestricted)
    i.vTaskStartScheduler                    0x080041ac   Section        0  tasks.o(i.vTaskStartScheduler)
    i.vTaskSuspendAll                        0x08004234   Section        0  tasks.o(i.vTaskSuspendAll)
    i.vTaskSwitchContext                     0x08004244   Section        0  tasks.o(i.vTaskSwitchContext)
    i.xPortStartScheduler                    0x080042a8   Section        0  port.o(i.xPortStartScheduler)
    i.xQueueGenericCreateStatic              0x08004350   Section        0  queue.o(i.xQueueGenericCreateStatic)
    i.xQueueGenericReset                     0x080043b8   Section        0  queue.o(i.xQueueGenericReset)
    i.xQueueGenericSend                      0x08004440   Section        0  queue.o(i.xQueueGenericSend)
    i.xQueueGenericSendFromISR               0x080045a0   Section        0  queue.o(i.xQueueGenericSendFromISR)
    i.xQueueReceive                          0x0800465c   Section        0  queue.o(i.xQueueReceive)
    i.xTaskCheckForTimeOut                   0x08004794   Section        0  tasks.o(i.xTaskCheckForTimeOut)
    i.xTaskCreate                            0x08004808   Section        0  tasks.o(i.xTaskCreate)
    i.xTaskCreateStatic                      0x08004862   Section        0  tasks.o(i.xTaskCreateStatic)
    i.xTaskGetSchedulerState                 0x080048b8   Section        0  tasks.o(i.xTaskGetSchedulerState)
    i.xTaskGetTickCount                      0x080048d4   Section        0  tasks.o(i.xTaskGetTickCount)
    i.xTaskIncrementTick                     0x080048e0   Section        0  tasks.o(i.xTaskIncrementTick)
    i.xTaskPriorityDisinherit                0x080049a8   Section        0  tasks.o(i.xTaskPriorityDisinherit)
    i.xTaskRemoveFromEventList               0x08004a28   Section        0  tasks.o(i.xTaskRemoveFromEventList)
    i.xTaskResumeAll                         0x08004a98   Section        0  tasks.o(i.xTaskResumeAll)
    i.xTimerCreateTimerTask                  0x08004b5c   Section        0  timers.o(i.xTimerCreateTimerTask)
    i.xTimerGenericCommand                   0x08004bbc   Section        0  timers.o(i.xTimerGenericCommand)
    .constdata                               0x08004c24   Section       36  freertos.o(.constdata)
    .constdata                               0x08004c48   Section       18  stm32f1xx_hal_rcc.o(.constdata)
    aPredivFactorTable                       0x08004c48   Data           2  stm32f1xx_hal_rcc.o(.constdata)
    aPLLMULFactorTable                       0x08004c4a   Data          16  stm32f1xx_hal_rcc.o(.constdata)
    .constdata                               0x08004c5a   Section       16  system_stm32f1xx.o(.constdata)
    .constdata                               0x08004c6a   Section        8  system_stm32f1xx.o(.constdata)
    .constdata                               0x08004c72   Section     2048  driver_oled.o(.constdata)
    .conststring                             0x08005474   Section       12  freertos.o(.conststring)
    .data                                    0x20000000   Section       12  freertos.o(.data)
    xLightTaskHandle                         0x20000000   Data           4  freertos.o(.data)
    xColorTaskHandle                         0x20000004   Data           4  freertos.o(.data)
    .data                                    0x2000000c   Section     3990  music.o(.data)
    .data                                    0x20000fa4   Section       12  stm32f1xx_hal.o(.data)
    .data                                    0x20000fb0   Section        4  system_stm32f1xx.o(.data)
    .data                                    0x20000fb4   Section       60  tasks.o(.data)
    pxDelayedTaskList                        0x20000fb8   Data           4  tasks.o(.data)
    pxOverflowDelayedTaskList                0x20000fbc   Data           4  tasks.o(.data)
    uxDeletedTasksWaitingCleanUp             0x20000fc0   Data           4  tasks.o(.data)
    uxCurrentNumberOfTasks                   0x20000fc4   Data           4  tasks.o(.data)
    xTickCount                               0x20000fc8   Data           4  tasks.o(.data)
    uxTopReadyPriority                       0x20000fcc   Data           4  tasks.o(.data)
    xSchedulerRunning                        0x20000fd0   Data           4  tasks.o(.data)
    uxPendedTicks                            0x20000fd4   Data           4  tasks.o(.data)
    xYieldPending                            0x20000fd8   Data           4  tasks.o(.data)
    xNumOfOverflows                          0x20000fdc   Data           4  tasks.o(.data)
    uxTaskNumber                             0x20000fe0   Data           4  tasks.o(.data)
    xNextTaskUnblockTime                     0x20000fe4   Data           4  tasks.o(.data)
    xIdleTaskHandle                          0x20000fe8   Data           4  tasks.o(.data)
    uxSchedulerSuspended                     0x20000fec   Data           4  tasks.o(.data)
    .data                                    0x20000ff0   Section       20  timers.o(.data)
    pxCurrentTimerList                       0x20000ff0   Data           4  timers.o(.data)
    pxOverflowTimerList                      0x20000ff4   Data           4  timers.o(.data)
    xTimerQueue                              0x20000ff8   Data           4  timers.o(.data)
    xTimerTaskHandle                         0x20000ffc   Data           4  timers.o(.data)
    xLastTime                                0x20001000   Data           4  timers.o(.data)
    .data                                    0x20001004   Section        4  cmsis_os2.o(.data)
    KernelState                              0x20001004   Data           4  cmsis_os2.o(.data)
    .data                                    0x20001008   Section       24  heap_4.o(.data)
    pxEnd                                    0x20001008   Data           4  heap_4.o(.data)
    xFreeBytesRemaining                      0x2000100c   Data           4  heap_4.o(.data)
    xMinimumEverFreeBytesRemaining           0x20001010   Data           4  heap_4.o(.data)
    xBlockAllocatedBit                       0x20001014   Data           4  heap_4.o(.data)
    xStart                                   0x20001018   Data           8  heap_4.o(.data)
    .data                                    0x20001020   Section       12  port.o(.data)
    ucMaxSysCallPriority                     0x20001020   Data           1  port.o(.data)
    uxCriticalNesting                        0x20001024   Data           4  port.o(.data)
    ulMaxPRIGROUPValue                       0x20001028   Data           4  port.o(.data)
    .data                                    0x2000102c   Section        8  driver_oled.o(.data)
    mem_mode                                 0x2000102c   Data           1  driver_oled.o(.data)
    g_pHI2COLED                              0x20001030   Data           4  driver_oled.o(.data)
    .data                                    0x20001034   Section        4  driver_passive_buzzer.o(.data)
    g_HPWM_PassiveBuzzer                     0x20001034   Data           4  driver_passive_buzzer.o(.data)
    .data                                    0x20001038   Section        4  driver_color_led.o(.data)
    g_HPWM_ColorLED                          0x20001038   Data           4  driver_color_led.o(.data)
    .data                                    0x20001040   Section       24  driver_ir_receiver.o(.data)
    g_IRReceiverIRQ_Cnt                      0x20001040   Data           4  driver_ir_receiver.o(.data)
    g_KeysBuf_R                              0x20001044   Data           4  driver_ir_receiver.o(.data)
    g_KeysBuf_W                              0x20001048   Data           4  driver_ir_receiver.o(.data)
    pre_time                                 0x20001050   Data           8  driver_ir_receiver.o(.data)
    .data                                    0x20001058   Section       24  driver_rotary_encoder.o(.data)
    g_count                                  0x20001058   Data           4  driver_rotary_encoder.o(.data)
    g_speed                                  0x2000105c   Data           4  driver_rotary_encoder.o(.data)
    pre_count                                0x20001060   Data           4  driver_rotary_encoder.o(.data)
    pre_time                                 0x20001068   Data           8  driver_rotary_encoder.o(.data)
    .bss                                     0x20001070   Section     1208  freertos.o(.bss)
    g_pucStackOfLightTask                    0x20001070   Data         512  freertos.o(.bss)
    g_TCBofLightTask                         0x20001270   Data          92  freertos.o(.bss)
    g_pucStackOfColorTask                    0x200012cc   Data         512  freertos.o(.bss)
    g_TCBofColorTask                         0x200014cc   Data          92  freertos.o(.bss)
    .bss                                     0x20001528   Section       48  adc.o(.bss)
    .bss                                     0x20001558   Section       84  i2c.o(.bss)
    .bss                                     0x200015ac   Section       88  spi.o(.bss)
    .bss                                     0x20001604   Section      216  tim.o(.bss)
    .bss                                     0x200016dc   Section       72  usart.o(.bss)
    .bss                                     0x20001724   Section      752  usb.o(.bss)
    .bss                                     0x20001a14   Section       72  stm32f1xx_hal_timebase_tim.o(.bss)
    .bss                                     0x20001a5c   Section       64  queue.o(.bss)
    .bss                                     0x20001a9c   Section     1220  tasks.o(.bss)
    pxReadyTasksLists                        0x20001a9c   Data        1120  tasks.o(.bss)
    xDelayedTaskList1                        0x20001efc   Data          20  tasks.o(.bss)
    xDelayedTaskList2                        0x20001f10   Data          20  tasks.o(.bss)
    xPendingReadyList                        0x20001f24   Data          20  tasks.o(.bss)
    xTasksWaitingTermination                 0x20001f38   Data          20  tasks.o(.bss)
    xSuspendedTaskList                       0x20001f4c   Data          20  tasks.o(.bss)
    .bss                                     0x20001f60   Section      280  timers.o(.bss)
    xActiveTimerList1                        0x20001f60   Data          20  timers.o(.bss)
    xActiveTimerList2                        0x20001f74   Data          20  timers.o(.bss)
    xStaticTimerQueue                        0x20001f88   Data          80  timers.o(.bss)
    ucStaticTimerQueueStorage                0x20001fd8   Data         160  timers.o(.bss)
    .bss                                     0x20002078   Section     1720  cmsis_os2.o(.bss)
    Idle_TCB                                 0x20002078   Data          92  cmsis_os2.o(.bss)
    Idle_Stack                               0x200020d4   Data         512  cmsis_os2.o(.bss)
    Timer_TCB                                0x200022d4   Data          92  cmsis_os2.o(.bss)
    Timer_Stack                              0x20002330   Data        1024  cmsis_os2.o(.bss)
    .bss                                     0x20002730   Section     3072  heap_4.o(.bss)
    ucHeap                                   0x20002730   Data        3072  heap_4.o(.bss)
    .bss                                     0x20003330   Section      672  driver_ir_receiver.o(.bss)
    g_KeysBuf                                0x20003330   Data         128  driver_ir_receiver.o(.bss)
    g_IRReceiverIRQ_Timers                   0x200033b0   Data         544  driver_ir_receiver.o(.bss)
    STACK                                    0x200035d0   Section     1024  startup_stm32f103xb.o(STACK)

    Global Symbols

    Symbol Name                              Value     Ov Type        Size  Object(Section)

    BuildAttributes$$THM_ISAv4$P$D$K$B$S$PE$A:L22UL41UL21$X:L11$S22US41US21$IEEE1$IW$USESV6$~STKCKD$USESV7$~SHL$OSPACE$ROPI$EBA8$MICROLIB$REQ8$PRES8$EABIv2 0x00000000   Number         0  anon$$obj.o ABSOLUTE
    __ARM_use_no_argv                        0x00000000   Number         0  main.o ABSOLUTE
    _printf_a                                0x00000000   Number         0  stubs.o ABSOLUTE
    _printf_c                                0x00000000   Number         0  stubs.o ABSOLUTE
    _printf_charcount                        0x00000000   Number         0  stubs.o ABSOLUTE
    _printf_d                                0x00000000   Number         0  stubs.o ABSOLUTE
    _printf_e                                0x00000000   Number         0  stubs.o ABSOLUTE
    _printf_f                                0x00000000   Number         0  stubs.o ABSOLUTE
    _printf_flags                            0x00000000   Number         0  stubs.o ABSOLUTE
    _printf_fp_dec                           0x00000000   Number         0  stubs.o ABSOLUTE
    _printf_fp_hex                           0x00000000   Number         0  stubs.o ABSOLUTE
    _printf_g                                0x00000000   Number         0  stubs.o ABSOLUTE
    _printf_i                                0x00000000   Number         0  stubs.o ABSOLUTE
    _printf_int_dec                          0x00000000   Number         0  stubs.o ABSOLUTE
    _printf_l                                0x00000000   Number         0  stubs.o ABSOLUTE
    _printf_lc                               0x00000000   Number         0  stubs.o ABSOLUTE
    _printf_ll                               0x00000000   Number         0  stubs.o ABSOLUTE
    _printf_lld                              0x00000000   Number         0  stubs.o ABSOLUTE
    _printf_lli                              0x00000000   Number         0  stubs.o ABSOLUTE
    _printf_llo                              0x00000000   Number         0  stubs.o ABSOLUTE
    _printf_llu                              0x00000000   Number         0  stubs.o ABSOLUTE
    _printf_llx                              0x00000000   Number         0  stubs.o ABSOLUTE
    _printf_longlong_dec                     0x00000000   Number         0  stubs.o ABSOLUTE
    _printf_longlong_hex                     0x00000000   Number         0  stubs.o ABSOLUTE
    _printf_longlong_oct                     0x00000000   Number         0  stubs.o ABSOLUTE
    _printf_ls                               0x00000000   Number         0  stubs.o ABSOLUTE
    _printf_mbtowc                           0x00000000   Number         0  stubs.o ABSOLUTE
    _printf_n                                0x00000000   Number         0  stubs.o ABSOLUTE
    _printf_o                                0x00000000   Number         0  stubs.o ABSOLUTE
    _printf_p                                0x00000000   Number         0  stubs.o ABSOLUTE
    _printf_percent                          0x00000000   Number         0  stubs.o ABSOLUTE
    _printf_pre_padding                      0x00000000   Number         0  stubs.o ABSOLUTE
    _printf_return_value                     0x00000000   Number         0  stubs.o ABSOLUTE
    _printf_s                                0x00000000   Number         0  stubs.o ABSOLUTE
    _printf_sizespec                         0x00000000   Number         0  stubs.o ABSOLUTE
    _printf_str                              0x00000000   Number         0  stubs.o ABSOLUTE
    _printf_truncate_signed                  0x00000000   Number         0  stubs.o ABSOLUTE
    _printf_truncate_unsigned                0x00000000   Number         0  stubs.o ABSOLUTE
    _printf_u                                0x00000000   Number         0  stubs.o ABSOLUTE
    _printf_wc                               0x00000000   Number         0  stubs.o ABSOLUTE
    _printf_wctomb                           0x00000000   Number         0  stubs.o ABSOLUTE
    _printf_widthprec                        0x00000000   Number         0  stubs.o ABSOLUTE
    _printf_x                                0x00000000   Number         0  stubs.o ABSOLUTE
    __arm_fini_                               - Undefined Weak Reference
    __cpp_initialize__aeabi_                  - Undefined Weak Reference
    __cxa_finalize                            - Undefined Weak Reference
    _clock_init                               - Undefined Weak Reference
    _microlib_exit                            - Undefined Weak Reference
    __Vectors_Size                           0x000000ec   Number         0  startup_stm32f103xb.o ABSOLUTE
    __Vectors                                0x08000000   Data           4  startup_stm32f103xb.o(RESET)
    __Vectors_End                            0x080000ec   Data           0  startup_stm32f103xb.o(RESET)
    __main                                   0x080000ed   Thumb Code     0  entry.o(.ARM.Collect$$$$00000000)
    _main_stk                                0x080000ed   Thumb Code     0  entry2.o(.ARM.Collect$$$$00000001)
    _main_scatterload                        0x080000f1   Thumb Code     0  entry5.o(.ARM.Collect$$$$00000004)
    __main_after_scatterload                 0x080000f5   Thumb Code     0  entry5.o(.ARM.Collect$$$$00000004)
    _main_clock                              0x080000f5   Thumb Code     0  entry7b.o(.ARM.Collect$$$$00000008)
    _main_cpp_init                           0x080000f5   Thumb Code     0  entry8b.o(.ARM.Collect$$$$0000000A)
    _main_init                               0x080000f5   Thumb Code     0  entry9a.o(.ARM.Collect$$$$0000000B)
    __rt_lib_shutdown_fini                   0x080000fd   Thumb Code     0  entry12b.o(.ARM.Collect$$$$0000000E)
    __rt_final_cpp                           0x08000101   Thumb Code     0  entry10a.o(.ARM.Collect$$$$0000000F)
    __rt_final_exit                          0x08000101   Thumb Code     0  entry11a.o(.ARM.Collect$$$$00000011)
    SVC_Handler                              0x08000105   Thumb Code    32  port.o(.emb_text)
    __asm___6_port_c_39a90d8d__prvStartFirstTask 0x08000129   Thumb Code    28  port.o(.emb_text)
    PendSV_Handler                           0x08000149   Thumb Code    72  port.o(.emb_text)
    vPortGetIPSR                             0x08000195   Thumb Code     6  port.o(.emb_text)
    Reset_Handler                            0x0800019d   Thumb Code     8  startup_stm32f103xb.o(.text)
    ADC1_2_IRQHandler                        0x080001b7   Thumb Code     0  startup_stm32f103xb.o(.text)
    CAN1_RX1_IRQHandler                      0x080001b7   Thumb Code     0  startup_stm32f103xb.o(.text)
    CAN1_SCE_IRQHandler                      0x080001b7   Thumb Code     0  startup_stm32f103xb.o(.text)
    DMA1_Channel1_IRQHandler                 0x080001b7   Thumb Code     0  startup_stm32f103xb.o(.text)
    DMA1_Channel2_IRQHandler                 0x080001b7   Thumb Code     0  startup_stm32f103xb.o(.text)
    DMA1_Channel3_IRQHandler                 0x080001b7   Thumb Code     0  startup_stm32f103xb.o(.text)
    DMA1_Channel4_IRQHandler                 0x080001b7   Thumb Code     0  startup_stm32f103xb.o(.text)
    DMA1_Channel5_IRQHandler                 0x080001b7   Thumb Code     0  startup_stm32f103xb.o(.text)
    DMA1_Channel6_IRQHandler                 0x080001b7   Thumb Code     0  startup_stm32f103xb.o(.text)
    DMA1_Channel7_IRQHandler                 0x080001b7   Thumb Code     0  startup_stm32f103xb.o(.text)
    EXTI0_IRQHandler                         0x080001b7   Thumb Code     0  startup_stm32f103xb.o(.text)
    EXTI1_IRQHandler                         0x080001b7   Thumb Code     0  startup_stm32f103xb.o(.text)
    EXTI2_IRQHandler                         0x080001b7   Thumb Code     0  startup_stm32f103xb.o(.text)
    EXTI3_IRQHandler                         0x080001b7   Thumb Code     0  startup_stm32f103xb.o(.text)
    EXTI4_IRQHandler                         0x080001b7   Thumb Code     0  startup_stm32f103xb.o(.text)
    EXTI9_5_IRQHandler                       0x080001b7   Thumb Code     0  startup_stm32f103xb.o(.text)
    FLASH_IRQHandler                         0x080001b7   Thumb Code     0  startup_stm32f103xb.o(.text)
    I2C1_ER_IRQHandler                       0x080001b7   Thumb Code     0  startup_stm32f103xb.o(.text)
    I2C1_EV_IRQHandler                       0x080001b7   Thumb Code     0  startup_stm32f103xb.o(.text)
    I2C2_ER_IRQHandler                       0x080001b7   Thumb Code     0  startup_stm32f103xb.o(.text)
    I2C2_EV_IRQHandler                       0x080001b7   Thumb Code     0  startup_stm32f103xb.o(.text)
    PVD_IRQHandler                           0x080001b7   Thumb Code     0  startup_stm32f103xb.o(.text)
    RCC_IRQHandler                           0x080001b7   Thumb Code     0  startup_stm32f103xb.o(.text)
    RTC_Alarm_IRQHandler                     0x080001b7   Thumb Code     0  startup_stm32f103xb.o(.text)
    RTC_IRQHandler                           0x080001b7   Thumb Code     0  startup_stm32f103xb.o(.text)
    SPI1_IRQHandler                          0x080001b7   Thumb Code     0  startup_stm32f103xb.o(.text)
    SPI2_IRQHandler                          0x080001b7   Thumb Code     0  startup_stm32f103xb.o(.text)
    TAMPER_IRQHandler                        0x080001b7   Thumb Code     0  startup_stm32f103xb.o(.text)
    TIM1_BRK_IRQHandler                      0x080001b7   Thumb Code     0  startup_stm32f103xb.o(.text)
    TIM1_CC_IRQHandler                       0x080001b7   Thumb Code     0  startup_stm32f103xb.o(.text)
    TIM1_TRG_COM_IRQHandler                  0x080001b7   Thumb Code     0  startup_stm32f103xb.o(.text)
    TIM1_UP_IRQHandler                       0x080001b7   Thumb Code     0  startup_stm32f103xb.o(.text)
    TIM2_IRQHandler                          0x080001b7   Thumb Code     0  startup_stm32f103xb.o(.text)
    TIM3_IRQHandler                          0x080001b7   Thumb Code     0  startup_stm32f103xb.o(.text)
    USART1_IRQHandler                        0x080001b7   Thumb Code     0  startup_stm32f103xb.o(.text)
    USART2_IRQHandler                        0x080001b7   Thumb Code     0  startup_stm32f103xb.o(.text)
    USART3_IRQHandler                        0x080001b7   Thumb Code     0  startup_stm32f103xb.o(.text)
    USBWakeUp_IRQHandler                     0x080001b7   Thumb Code     0  startup_stm32f103xb.o(.text)
    USB_HP_CAN1_TX_IRQHandler                0x080001b7   Thumb Code     0  startup_stm32f103xb.o(.text)
    USB_LP_CAN1_RX0_IRQHandler               0x080001b7   Thumb Code     0  startup_stm32f103xb.o(.text)
    WWDG_IRQHandler                          0x080001b7   Thumb Code     0  startup_stm32f103xb.o(.text)
    __aeabi_uldivmod                         0x080001c1   Thumb Code    98  uldiv.o(.text)
    __aeabi_llsr                             0x08000223   Thumb Code    32  llushr.o(.text)
    _ll_ushift_r                             0x08000223   Thumb Code     0  llushr.o(.text)
    __aeabi_memcpy                           0x08000243   Thumb Code    36  memcpya.o(.text)
    __aeabi_memcpy4                          0x08000243   Thumb Code     0  memcpya.o(.text)
    __aeabi_memcpy8                          0x08000243   Thumb Code     0  memcpya.o(.text)
    __aeabi_memset                           0x08000267   Thumb Code    14  memseta.o(.text)
    __aeabi_memset4                          0x08000267   Thumb Code     0  memseta.o(.text)
    __aeabi_memset8                          0x08000267   Thumb Code     0  memseta.o(.text)
    __aeabi_memclr                           0x08000275   Thumb Code     4  memseta.o(.text)
    __aeabi_memclr4                          0x08000275   Thumb Code     0  memseta.o(.text)
    __aeabi_memclr8                          0x08000275   Thumb Code     0  memseta.o(.text)
    memset                                   0x08000279   Thumb Code    18  memseta.o(.text)
    __aeabi_llsl                             0x0800028b   Thumb Code    30  llshl.o(.text)
    _ll_shift_l                              0x0800028b   Thumb Code     0  llshl.o(.text)
    __scatterload                            0x080002a9   Thumb Code    28  init.o(.text)
    __scatterload_rt2                        0x080002a9   Thumb Code     0  init.o(.text)
    __decompress                             0x080002cd   Thumb Code     0  __dclz77c.o(.text)
    __decompress2                            0x080002cd   Thumb Code    94  __dclz77c.o(.text)
    ADC_ConversionStop_Disable               0x0800032d   Thumb Code    86  stm32f1xx_hal_adc.o(i.ADC_ConversionStop_Disable)
    BusFault_Handler                         0x08000383   Thumb Code     2  stm32f1xx_it.o(i.BusFault_Handler)
    ColorLED_Set                             0x08000385   Thumb Code   158  driver_color_led.o(i.ColorLED_Set)
    ColorLED_Test                            0x08000429   Thumb Code    32  driver_color_led.o(i.ColorLED_Test)
    DebugMon_Handler                         0x0800044d   Thumb Code     2  stm32f1xx_it.o(i.DebugMon_Handler)
    EXTI15_10_IRQHandler                     0x0800044f   Thumb Code    30  stm32f1xx_it.o(i.EXTI15_10_IRQHandler)
    Error_Handler                            0x0800046d   Thumb Code     4  main.o(i.Error_Handler)
    HAL_ADC_ConfigChannel                    0x0800049d   Thumb Code   240  stm32f1xx_hal_adc.o(i.HAL_ADC_ConfigChannel)
    HAL_ADC_Init                             0x08000599   Thumb Code   272  stm32f1xx_hal_adc.o(i.HAL_ADC_Init)
    HAL_ADC_MspInit                          0x080006b5   Thumb Code    76  adc.o(i.HAL_ADC_MspInit)
    HAL_GPIO_EXTI_Callback                   0x0800070d   Thumb Code    22  driver_irq.o(i.HAL_GPIO_EXTI_Callback)
    HAL_GPIO_EXTI_IRQHandler                 0x08000725   Thumb Code    18  stm32f1xx_hal_gpio.o(i.HAL_GPIO_EXTI_IRQHandler)
    HAL_GPIO_Init                            0x0800073d   Thumb Code   446  stm32f1xx_hal_gpio.o(i.HAL_GPIO_Init)
    HAL_GPIO_ReadPin                         0x0800091d   Thumb Code    10  stm32f1xx_hal_gpio.o(i.HAL_GPIO_ReadPin)
    HAL_GPIO_WritePin                        0x08000927   Thumb Code    10  stm32f1xx_hal_gpio.o(i.HAL_GPIO_WritePin)
    HAL_GetTick                              0x08000931   Thumb Code     6  stm32f1xx_hal.o(i.HAL_GetTick)
    HAL_I2C_Init                             0x0800093d   Thumb Code   376  stm32f1xx_hal_i2c.o(i.HAL_I2C_Init)
    HAL_I2C_Master_Transmit                  0x08000ac5   Thumb Code   290  stm32f1xx_hal_i2c.o(i.HAL_I2C_Master_Transmit)
    HAL_I2C_Mem_Write                        0x08000bf1   Thumb Code   294  stm32f1xx_hal_i2c.o(i.HAL_I2C_Mem_Write)
    HAL_I2C_MspInit                          0x08000d21   Thumb Code    80  i2c.o(i.HAL_I2C_MspInit)
    HAL_IncTick                              0x08000d7d   Thumb Code    12  stm32f1xx_hal.o(i.HAL_IncTick)
    HAL_Init                                 0x08000d8d   Thumb Code    32  stm32f1xx_hal.o(i.HAL_Init)
    HAL_InitTick                             0x08000db1   Thumb Code   132  stm32f1xx_hal_timebase_tim.o(i.HAL_InitTick)
    HAL_MspInit                              0x08000e49   Thumb Code    62  stm32f1xx_hal_msp.o(i.HAL_MspInit)
    HAL_NVIC_EnableIRQ                       0x08000e91   Thumb Code    26  stm32f1xx_hal_cortex.o(i.HAL_NVIC_EnableIRQ)
    HAL_NVIC_SetPriority                     0x08000ead   Thumb Code    60  stm32f1xx_hal_cortex.o(i.HAL_NVIC_SetPriority)
    HAL_NVIC_SetPriorityGrouping             0x08000eed   Thumb Code    26  stm32f1xx_hal_cortex.o(i.HAL_NVIC_SetPriorityGrouping)
    HAL_PCD_Init                             0x08000f11   Thumb Code   218  stm32f1xx_hal_pcd.o(i.HAL_PCD_Init)
    HAL_PCD_MspInit                          0x08000fed   Thumb Code    30  usb.o(i.HAL_PCD_MspInit)
    HAL_RCCEx_PeriphCLKConfig                0x08001015   Thumb Code   224  stm32f1xx_hal_rcc_ex.o(i.HAL_RCCEx_PeriphCLKConfig)
    HAL_RCC_ClockConfig                      0x08001101   Thumb Code   280  stm32f1xx_hal_rcc.o(i.HAL_RCC_ClockConfig)
    HAL_RCC_GetClockConfig                   0x0800122d   Thumb Code    54  stm32f1xx_hal_rcc.o(i.HAL_RCC_GetClockConfig)
    HAL_RCC_GetPCLK1Freq                     0x0800126d   Thumb Code    20  stm32f1xx_hal_rcc.o(i.HAL_RCC_GetPCLK1Freq)
    HAL_RCC_GetPCLK2Freq                     0x0800128d   Thumb Code    20  stm32f1xx_hal_rcc.o(i.HAL_RCC_GetPCLK2Freq)
    HAL_RCC_GetSysClockFreq                  0x080012ad   Thumb Code    58  stm32f1xx_hal_rcc.o(i.HAL_RCC_GetSysClockFreq)
    HAL_RCC_OscConfig                        0x080012f9   Thumb Code   778  stm32f1xx_hal_rcc.o(i.HAL_RCC_OscConfig)
    HAL_SPI_Init                             0x08001619   Thumb Code   178  stm32f1xx_hal_spi.o(i.HAL_SPI_Init)
    HAL_SPI_MspInit                          0x080016cd   Thumb Code    98  spi.o(i.HAL_SPI_MspInit)
    HAL_TIMEx_BreakCallback                  0x0800173d   Thumb Code     2  stm32f1xx_hal_tim_ex.o(i.HAL_TIMEx_BreakCallback)
    HAL_TIMEx_CommutCallback                 0x0800173f   Thumb Code     2  stm32f1xx_hal_tim_ex.o(i.HAL_TIMEx_CommutCallback)
    HAL_TIMEx_ConfigBreakDeadTime            0x08001741   Thumb Code    84  stm32f1xx_hal_tim_ex.o(i.HAL_TIMEx_ConfigBreakDeadTime)
    HAL_TIMEx_MasterConfigSynchronization    0x08001795   Thumb Code    92  stm32f1xx_hal_tim_ex.o(i.HAL_TIMEx_MasterConfigSynchronization)
    HAL_TIM_Base_DeInit                      0x080017fd   Thumb Code    92  stm32f1xx_hal_tim.o(i.HAL_TIM_Base_DeInit)
    HAL_TIM_Base_Init                        0x08001859   Thumb Code    90  stm32f1xx_hal_tim.o(i.HAL_TIM_Base_Init)
    HAL_TIM_Base_MspDeInit                   0x080018b5   Thumb Code    36  tim.o(i.HAL_TIM_Base_MspDeInit)
    HAL_TIM_Base_MspInit                     0x080018e1   Thumb Code    52  tim.o(i.HAL_TIM_Base_MspInit)
    HAL_TIM_Base_Start_IT                    0x0800191d   Thumb Code    76  stm32f1xx_hal_tim.o(i.HAL_TIM_Base_Start_IT)
    HAL_TIM_ConfigClockSource                0x08001975   Thumb Code   220  stm32f1xx_hal_tim.o(i.HAL_TIM_ConfigClockSource)
    HAL_TIM_IC_CaptureCallback               0x08001a51   Thumb Code     2  stm32f1xx_hal_tim.o(i.HAL_TIM_IC_CaptureCallback)
    HAL_TIM_IRQHandler                       0x08001a53   Thumb Code   358  stm32f1xx_hal_tim.o(i.HAL_TIM_IRQHandler)
    HAL_TIM_MspPostInit                      0x08001bb9   Thumb Code   212  tim.o(i.HAL_TIM_MspPostInit)
    HAL_TIM_OC_DelayElapsedCallback          0x08001ca5   Thumb Code     2  stm32f1xx_hal_tim.o(i.HAL_TIM_OC_DelayElapsedCallback)
    HAL_TIM_PWM_ConfigChannel                0x08001ca7   Thumb Code   204  stm32f1xx_hal_tim.o(i.HAL_TIM_PWM_ConfigChannel)
    HAL_TIM_PWM_Init                         0x08001d73   Thumb Code    90  stm32f1xx_hal_tim.o(i.HAL_TIM_PWM_Init)
    HAL_TIM_PWM_MspInit                      0x08001dcd   Thumb Code    30  tim.o(i.HAL_TIM_PWM_MspInit)
    HAL_TIM_PWM_PulseFinishedCallback        0x08001df5   Thumb Code     2  stm32f1xx_hal_tim.o(i.HAL_TIM_PWM_PulseFinishedCallback)
    HAL_TIM_PWM_Start                        0x08001df9   Thumb Code   144  stm32f1xx_hal_tim.o(i.HAL_TIM_PWM_Start)
    HAL_TIM_PWM_Stop                         0x08001e95   Thumb Code   108  stm32f1xx_hal_tim.o(i.HAL_TIM_PWM_Stop)
    HAL_TIM_PeriodElapsedCallback            0x08001f05   Thumb Code    14  main.o(i.HAL_TIM_PeriodElapsedCallback)
    HAL_TIM_TriggerCallback                  0x08001f19   Thumb Code     2  stm32f1xx_hal_tim.o(i.HAL_TIM_TriggerCallback)
    HAL_UART_Init                            0x08001f1b   Thumb Code   100  stm32f1xx_hal_uart.o(i.HAL_UART_Init)
    HAL_UART_MspInit                         0x08001f81   Thumb Code   100  usart.o(i.HAL_UART_MspInit)
    HardFault_Handler                        0x08001ff1   Thumb Code     2  stm32f1xx_it.o(i.HardFault_Handler)
    IRReceiver_IRQ_Callback                  0x08002481   Thumb Code   158  driver_ir_receiver.o(i.IRReceiver_IRQ_Callback)
    IRReceiver_Init                          0x08002539   Thumb Code     2  driver_ir_receiver.o(i.IRReceiver_Init)
    IRReceiver_Read                          0x0800253d   Thumb Code    38  driver_ir_receiver.o(i.IRReceiver_Read)
    LCD_Clear                                0x08002569   Thumb Code     4  driver_lcd.o(i.LCD_Clear)
    LCD_ClearLine                            0x0800256d   Thumb Code     4  driver_lcd.o(i.LCD_ClearLine)
    LCD_Init                                 0x08002571   Thumb Code     4  driver_lcd.o(i.LCD_Init)
    LCD_PrintString                          0x08002575   Thumb Code     4  driver_lcd.o(i.LCD_PrintString)
    Led_Control                              0x08002579   Thumb Code    26  driver_led.o(i.Led_Control)
    Led_Init                                 0x08002599   Thumb Code    74  driver_led.o(i.Led_Init)
    Led_Test                                 0x080025ed   Thumb Code    38  driver_led.o(i.Led_Test)
    MUSIC_Analysis                           0x08002615   Thumb Code    74  music.o(i.MUSIC_Analysis)
    MX_ADC1_Init                             0x08002665   Thumb Code    70  adc.o(i.MX_ADC1_Init)
    MX_FREERTOS_Init                         0x080026b5   Thumb Code    72  freertos.o(i.MX_FREERTOS_Init)
    MX_GPIO_Init                             0x08002731   Thumb Code   310  gpio.o(i.MX_GPIO_Init)
    MX_I2C1_Init                             0x08002881   Thumb Code    50  i2c.o(i.MX_I2C1_Init)
    MX_SPI1_Init                             0x080028c1   Thumb Code    62  spi.o(i.MX_SPI1_Init)
    MX_TIM1_Init                             0x08002909   Thumb Code   198  tim.o(i.MX_TIM1_Init)
    MX_TIM2_Init                             0x080029d9   Thumb Code   182  tim.o(i.MX_TIM2_Init)
    MX_TIM3_Init                             0x08002a95   Thumb Code   110  tim.o(i.MX_TIM3_Init)
    MX_USART1_UART_Init                      0x08002b0d   Thumb Code    48  usart.o(i.MX_USART1_UART_Init)
    MX_USB_PCD_Init                          0x08002b45   Thumb Code    42  usb.o(i.MX_USB_PCD_Init)
    MemManage_Handler                        0x08002b79   Thumb Code     2  stm32f1xx_it.o(i.MemManage_Handler)
    NMI_Handler                              0x08002b7b   Thumb Code     2  stm32f1xx_it.o(i.NMI_Handler)
    OLED_Clear                               0x08002b7d   Thumb Code    42  driver_oled.o(i.OLED_Clear)
    OLED_ClearLine                           0x08002ba7   Thumb Code    28  driver_oled.o(i.OLED_ClearLine)
    OLED_Init                                0x08002bc5   Thumb Code   142  driver_oled.o(i.OLED_Init)
    OLED_PrintString                         0x08002c59   Thumb Code    50  driver_oled.o(i.OLED_PrintString)
    OLED_PutChar                             0x08002c8d   Thumb Code    66  driver_oled.o(i.OLED_PutChar)
    OLED_SetPosition                         0x08002d01   Thumb Code    58  driver_oled.o(i.OLED_SetPosition)
    PassiveBuzzer_Control                    0x08002d89   Thumb Code    20  driver_passive_buzzer.o(i.PassiveBuzzer_Control)
    PassiveBuzzer_Init                       0x08002da1   Thumb Code    92  driver_passive_buzzer.o(i.PassiveBuzzer_Init)
    PassiveBuzzer_Set_Freq_Duty              0x08002e09   Thumb Code   122  driver_passive_buzzer.o(i.PassiveBuzzer_Set_Freq_Duty)
    PlayMusic                                0x08002e91   Thumb Code    10  music.o(i.PlayMusic)
    RotaryEncoder_IRQ_Callback               0x08002ec9   Thumb Code    96  driver_rotary_encoder.o(i.RotaryEncoder_IRQ_Callback)
    StartDefaultTask                         0x08002f35   Thumb Code   138  freertos.o(i.StartDefaultTask)
    SysTick_Handler                          0x08002ff9   Thumb Code    38  port.o(i.SysTick_Handler)
    SystemClock_Config                       0x08003025   Thumb Code   124  main.o(i.SystemClock_Config)
    SystemInit                               0x080030a1   Thumb Code     2  system_stm32f1xx.o(i.SystemInit)
    TIM4_IRQHandler                          0x080030a5   Thumb Code     6  stm32f1xx_it.o(i.TIM4_IRQHandler)
    TIM_Base_SetConfig                       0x080030b1   Thumb Code    94  stm32f1xx_hal_tim.o(i.TIM_Base_SetConfig)
    TIM_CCxChannelCmd                        0x0800311d   Thumb Code    26  stm32f1xx_hal_tim.o(i.TIM_CCxChannelCmd)
    TIM_ETR_SetConfig                        0x08003137   Thumb Code    20  stm32f1xx_hal_tim.o(i.TIM_ETR_SetConfig)
    TIM_OC2_SetConfig                        0x080031ad   Thumb Code    84  stm32f1xx_hal_tim.o(i.TIM_OC2_SetConfig)
    USB_CoreInit                             0x080033a1   Thumb Code     4  stm32f1xx_ll_usb.o(i.USB_CoreInit)
    USB_DevDisconnect                        0x080033a5   Thumb Code     4  stm32f1xx_ll_usb.o(i.USB_DevDisconnect)
    USB_DevInit                              0x080033a9   Thumb Code    18  stm32f1xx_ll_usb.o(i.USB_DevInit)
    USB_DisableGlobalInt                     0x080033bb   Thumb Code    14  stm32f1xx_ll_usb.o(i.USB_DisableGlobalInt)
    USB_SetCurrentMode                       0x080033c9   Thumb Code     4  stm32f1xx_ll_usb.o(i.USB_SetCurrentMode)
    UsageFault_Handler                       0x080033cd   Thumb Code     2  stm32f1xx_it.o(i.UsageFault_Handler)
    __scatterload_copy                       0x080033ef   Thumb Code    14  handlers.o(i.__scatterload_copy)
    __scatterload_null                       0x080033fd   Thumb Code     2  handlers.o(i.__scatterload_null)
    __scatterload_zeroinit                   0x080033ff   Thumb Code    14  handlers.o(i.__scatterload_zeroinit)
    main                                     0x0800340d   Thumb Code    58  main.o(i.main)
    mdelay                                   0x08003447   Thumb Code    26  driver_timer.o(i.mdelay)
    osKernelInitialize                       0x08003461   Thumb Code    50  cmsis_os2.o(i.osKernelInitialize)
    osKernelStart                            0x08003499   Thumb Code    58  cmsis_os2.o(i.osKernelStart)
    osThreadNew                              0x080034d9   Thumb Code   160  cmsis_os2.o(i.osThreadNew)
    pvPortMalloc                             0x08003cc1   Thumb Code   210  heap_4.o(i.pvPortMalloc)
    pxPortInitialiseStack                    0x08003d99   Thumb Code    32  port.o(i.pxPortInitialiseStack)
    system_get_ns                            0x08003dbd   Thumb Code    58  driver_timer.o(i.system_get_ns)
    udelay                                   0x08003e01   Thumb Code    52  driver_timer.o(i.udelay)
    uxListRemove                             0x08003e39   Thumb Code    38  list.o(i.uxListRemove)
    vApplicationGetIdleTaskMemory            0x08003e61   Thumb Code    16  cmsis_os2.o(i.vApplicationGetIdleTaskMemory)
    vApplicationGetTimerTaskMemory           0x08003e75   Thumb Code    18  cmsis_os2.o(i.vApplicationGetTimerTaskMemory)
    vListInitialise                          0x08003e8d   Thumb Code    22  list.o(i.vListInitialise)
    vListInitialiseItem                      0x08003ea3   Thumb Code     6  list.o(i.vListInitialiseItem)
    vListInsert                              0x08003ea9   Thumb Code    48  list.o(i.vListInsert)
    vListInsertEnd                           0x08003ed9   Thumb Code    24  list.o(i.vListInsertEnd)
    vPortEnterCritical                       0x08003ef1   Thumb Code    54  port.o(i.vPortEnterCritical)
    vPortExitCritical                        0x08003f31   Thumb Code    34  port.o(i.vPortExitCritical)
    vPortFree                                0x08003f59   Thumb Code    88  heap_4.o(i.vPortFree)
    vPortSetupTimerInterrupt                 0x08003fb5   Thumb Code    32  port.o(i.vPortSetupTimerInterrupt)
    vPortValidateInterruptPriority           0x08003fd9   Thumb Code    74  port.o(i.vPortValidateInterruptPriority)
    vQueueAddToRegistry                      0x0800402d   Thumb Code    34  queue.o(i.vQueueAddToRegistry)
    vQueueWaitForMessageRestricted           0x08004055   Thumb Code    68  queue.o(i.vQueueWaitForMessageRestricted)
    vTaskDelete                              0x08004099   Thumb Code   130  tasks.o(i.vTaskDelete)
    vTaskInternalSetTimeOutState             0x08004129   Thumb Code    12  tasks.o(i.vTaskInternalSetTimeOutState)
    vTaskMissedYield                         0x08004139   Thumb Code     8  tasks.o(i.vTaskMissedYield)
    vTaskPlaceOnEventList                    0x08004145   Thumb Code    44  tasks.o(i.vTaskPlaceOnEventList)
    vTaskPlaceOnEventListRestricted          0x08004175   Thumb Code    52  tasks.o(i.vTaskPlaceOnEventListRestricted)
    vTaskStartScheduler                      0x080041ad   Thumb Code   118  tasks.o(i.vTaskStartScheduler)
    vTaskSuspendAll                          0x08004235   Thumb Code    10  tasks.o(i.vTaskSuspendAll)
    vTaskSwitchContext                       0x08004245   Thumb Code    90  tasks.o(i.vTaskSwitchContext)
    xPortStartScheduler                      0x080042a9   Thumb Code   154  port.o(i.xPortStartScheduler)
    xQueueGenericCreateStatic                0x08004351   Thumb Code   102  queue.o(i.xQueueGenericCreateStatic)
    xQueueGenericReset                       0x080043b9   Thumb Code   132  queue.o(i.xQueueGenericReset)
    xQueueGenericSend                        0x08004441   Thumb Code   346  queue.o(i.xQueueGenericSend)
    xQueueGenericSendFromISR                 0x080045a1   Thumb Code   188  queue.o(i.xQueueGenericSendFromISR)
    xQueueReceive                            0x0800465d   Thumb Code   308  queue.o(i.xQueueReceive)
    xTaskCheckForTimeOut                     0x08004795   Thumb Code   112  tasks.o(i.xTaskCheckForTimeOut)
    xTaskCreate                              0x08004809   Thumb Code    90  tasks.o(i.xTaskCreate)
    xTaskCreateStatic                        0x08004863   Thumb Code    86  tasks.o(i.xTaskCreateStatic)
    xTaskGetSchedulerState                   0x080048b9   Thumb Code    22  tasks.o(i.xTaskGetSchedulerState)
    xTaskGetTickCount                        0x080048d5   Thumb Code     6  tasks.o(i.xTaskGetTickCount)
    xTaskIncrementTick                       0x080048e1   Thumb Code   190  tasks.o(i.xTaskIncrementTick)
    xTaskPriorityDisinherit                  0x080049a9   Thumb Code   118  tasks.o(i.xTaskPriorityDisinherit)
    xTaskRemoveFromEventList                 0x08004a29   Thumb Code    98  tasks.o(i.xTaskRemoveFromEventList)
    xTaskResumeAll                           0x08004a99   Thumb Code   182  tasks.o(i.xTaskResumeAll)
    xTimerCreateTimerTask                    0x08004b5d   Thumb Code    78  timers.o(i.xTimerCreateTimerTask)
    xTimerGenericCommand                     0x08004bbd   Thumb Code    98  timers.o(i.xTimerGenericCommand)
    defaultTask_attributes                   0x08004c24   Data          36  freertos.o(.constdata)
    AHBPrescTable                            0x08004c5a   Data          16  system_stm32f1xx.o(.constdata)
    APBPrescTable                            0x08004c6a   Data           8  system_stm32f1xx.o(.constdata)
    ascii_font                               0x08004c72   Data        2048  driver_oled.o(.constdata)
    Region$$Table$$Base                      0x08005480   Number         0  anon$$obj.o(Region$$Table)
    Region$$Table$$Limit                     0x080054a0   Number         0  anon$$obj.o(Region$$Table)
    defaultTaskHandle                        0x20000008   Data           4  freertos.o(.data)
    Tone_Index                               0x2000000c   Data          48  music.o(.data)
    Music_Lone_Brave                         0x2000003c   Data        3942  music.o(.data)
    uwTickFreq                               0x20000fa4   Data           1  stm32f1xx_hal.o(.data)
    uwTickPrio                               0x20000fa8   Data           4  stm32f1xx_hal.o(.data)
    uwTick                                   0x20000fac   Data           4  stm32f1xx_hal.o(.data)
    SystemCoreClock                          0x20000fb0   Data           4  system_stm32f1xx.o(.data)
    pxCurrentTCB                             0x20000fb4   Data           4  tasks.o(.data)
    hadc1                                    0x20001528   Data          48  adc.o(.bss)
    hi2c1                                    0x20001558   Data          84  i2c.o(.bss)
    hspi1                                    0x200015ac   Data          88  spi.o(.bss)
    htim1                                    0x20001604   Data          72  tim.o(.bss)
    htim2                                    0x2000164c   Data          72  tim.o(.bss)
    htim3                                    0x20001694   Data          72  tim.o(.bss)
    huart1                                   0x200016dc   Data          72  usart.o(.bss)
    hpcd_USB_FS                              0x20001724   Data         752  usb.o(.bss)
    htim4                                    0x20001a14   Data          72  stm32f1xx_hal_timebase_tim.o(.bss)
    xQueueRegistry                           0x20001a5c   Data          64  queue.o(.bss)
    __initial_sp                             0x200039d0   Data           0  startup_stm32f103xb.o(STACK)



==============================================================================

Memory Map of the image

  Image Entry point : 0x080000ed

  Load Region LR_IROM1 (Base: 0x08000000, Size: 0x00006510, Max: 0x00010000, ABSOLUTE, COMPRESSED[0x00005674])

    Execution Region ER_IROM1 (Exec base: 0x08000000, Load base: 0x08000000, Size: 0x000054a0, Max: 0x00010000, ABSOLUTE)

    Exec Addr    Load Addr    Size         Type   Attr      Idx    E Section Name        Object

    0x08000000   0x08000000   0x000000ec   Data   RO            3    RESET               startup_stm32f103xb.o
    0x080000ec   0x080000ec   0x00000000   Code   RO         7358  * .ARM.Collect$$$$00000000  mc_w.l(entry.o)
    0x080000ec   0x080000ec   0x00000004   Code   RO         7642    .ARM.Collect$$$$00000001  mc_w.l(entry2.o)
    0x080000f0   0x080000f0   0x00000004   Code   RO         7645    .ARM.Collect$$$$00000004  mc_w.l(entry5.o)
    0x080000f4   0x080000f4   0x00000000   Code   RO         7647    .ARM.Collect$$$$00000008  mc_w.l(entry7b.o)
    0x080000f4   0x080000f4   0x00000000   Code   RO         7649    .ARM.Collect$$$$0000000A  mc_w.l(entry8b.o)
    0x080000f4   0x080000f4   0x00000008   Code   RO         7650    .ARM.Collect$$$$0000000B  mc_w.l(entry9a.o)
    0x080000fc   0x080000fc   0x00000004   Code   RO         7657    .ARM.Collect$$$$0000000E  mc_w.l(entry12b.o)
    0x08000100   0x08000100   0x00000000   Code   RO         7652    .ARM.Collect$$$$0000000F  mc_w.l(entry10a.o)
    0x08000100   0x08000100   0x00000000   Code   RO         7654    .ARM.Collect$$$$00000011  mc_w.l(entry11a.o)
    0x08000100   0x08000100   0x00000004   Code   RO         7643    .ARM.Collect$$$$00002712  mc_w.l(entry2.o)
    0x08000104   0x08000104   0x00000096   Code   RO         6211    .emb_text           port.o
    0x0800019a   0x0800019a   0x00000002   PAD
    0x0800019c   0x0800019c   0x00000024   Code   RO            4    .text               startup_stm32f103xb.o
    0x080001c0   0x080001c0   0x00000062   Code   RO         7361    .text               mc_w.l(uldiv.o)
    0x08000222   0x08000222   0x00000020   Code   RO         7363    .text               mc_w.l(llushr.o)
    0x08000242   0x08000242   0x00000024   Code   RO         7365    .text               mc_w.l(memcpya.o)
    0x08000266   0x08000266   0x00000024   Code   RO         7369    .text               mc_w.l(memseta.o)
    0x0800028a   0x0800028a   0x0000001e   Code   RO         7661    .text               mc_w.l(llshl.o)
    0x080002a8   0x080002a8   0x00000024   Code   RO         7674    .text               mc_w.l(init.o)
    0x080002cc   0x080002cc   0x0000005e   Code   RO         7684    .text               mc_w.l(__dclz77c.o)
    0x0800032a   0x0800032a   0x00000002   PAD
    0x0800032c   0x0800032c   0x00000056   Code   RO          821    i.ADC_ConversionStop_Disable  stm32f1xx_hal_adc.o
    0x08000382   0x08000382   0x00000002   Code   RO          631    i.BusFault_Handler  stm32f1xx_it.o
    0x08000384   0x08000384   0x000000a4   Code   RO         6806    i.ColorLED_Set      driver_color_led.o
    0x08000428   0x08000428   0x00000024   Code   RO         6807    i.ColorLED_Test     driver_color_led.o
    0x0800044c   0x0800044c   0x00000002   Code   RO          632    i.DebugMon_Handler  stm32f1xx_it.o
    0x0800044e   0x0800044e   0x0000001e   Code   RO          633    i.EXTI15_10_IRQHandler  stm32f1xx_it.o
    0x0800046c   0x0800046c   0x00000004   Code   RO           13    i.Error_Handler     main.o
    0x08000470   0x08000470   0x0000002c   Code   RO         6846    i.GetKeyFromBuf     driver_ir_receiver.o
    0x0800049c   0x0800049c   0x000000fc   Code   RO          827    i.HAL_ADC_ConfigChannel  stm32f1xx_hal_adc.o
    0x08000598   0x08000598   0x0000011c   Code   RO          836    i.HAL_ADC_Init      stm32f1xx_hal_adc.o
    0x080006b4   0x080006b4   0x00000058   Code   RO          350    i.HAL_ADC_MspInit   adc.o
    0x0800070c   0x0800070c   0x00000016   Code   RO         7202    i.HAL_GPIO_EXTI_Callback  driver_irq.o
    0x08000722   0x08000722   0x00000002   PAD
    0x08000724   0x08000724   0x00000018   Code   RO         1413    i.HAL_GPIO_EXTI_IRQHandler  stm32f1xx_hal_gpio.o
    0x0800073c   0x0800073c   0x000001e0   Code   RO         1414    i.HAL_GPIO_Init     stm32f1xx_hal_gpio.o
    0x0800091c   0x0800091c   0x0000000a   Code   RO         1416    i.HAL_GPIO_ReadPin  stm32f1xx_hal_gpio.o
    0x08000926   0x08000926   0x0000000a   Code   RO         1418    i.HAL_GPIO_WritePin  stm32f1xx_hal_gpio.o
    0x08000930   0x08000930   0x0000000c   Code   RO         1108    i.HAL_GetTick       stm32f1xx_hal.o
    0x0800093c   0x0800093c   0x00000188   Code   RO         2085    i.HAL_I2C_Init      stm32f1xx_hal_i2c.o
    0x08000ac4   0x08000ac4   0x0000012c   Code   RO         2098    i.HAL_I2C_Master_Transmit  stm32f1xx_hal_i2c.o
    0x08000bf0   0x08000bf0   0x00000130   Code   RO         2106    i.HAL_I2C_Mem_Write  stm32f1xx_hal_i2c.o
    0x08000d20   0x08000d20   0x0000005c   Code   RO          392    i.HAL_I2C_MspInit   i2c.o
    0x08000d7c   0x08000d7c   0x00000010   Code   RO         1114    i.HAL_IncTick       stm32f1xx_hal.o
    0x08000d8c   0x08000d8c   0x00000024   Code   RO         1115    i.HAL_Init          stm32f1xx_hal.o
    0x08000db0   0x08000db0   0x00000098   Code   RO          725    i.HAL_InitTick      stm32f1xx_hal_timebase_tim.o
    0x08000e48   0x08000e48   0x00000048   Code   RO          701    i.HAL_MspInit       stm32f1xx_hal_msp.o
    0x08000e90   0x08000e90   0x0000001a   Code   RO         1574    i.HAL_NVIC_EnableIRQ  stm32f1xx_hal_cortex.o
    0x08000eaa   0x08000eaa   0x00000002   PAD
    0x08000eac   0x08000eac   0x00000040   Code   RO         1580    i.HAL_NVIC_SetPriority  stm32f1xx_hal_cortex.o
    0x08000eec   0x08000eec   0x00000024   Code   RO         1581    i.HAL_NVIC_SetPriorityGrouping  stm32f1xx_hal_cortex.o
    0x08000f10   0x08000f10   0x000000da   Code   RO         4193    i.HAL_PCD_Init      stm32f1xx_hal_pcd.o
    0x08000fea   0x08000fea   0x00000002   PAD
    0x08000fec   0x08000fec   0x00000028   Code   RO          590    i.HAL_PCD_MspInit   usb.o
    0x08001014   0x08001014   0x000000ec   Code   RO         1376    i.HAL_RCCEx_PeriphCLKConfig  stm32f1xx_hal_rcc_ex.o
    0x08001100   0x08001100   0x0000012c   Code   RO         1272    i.HAL_RCC_ClockConfig  stm32f1xx_hal_rcc.o
    0x0800122c   0x0800122c   0x00000040   Code   RO         1276    i.HAL_RCC_GetClockConfig  stm32f1xx_hal_rcc.o
    0x0800126c   0x0800126c   0x00000020   Code   RO         1279    i.HAL_RCC_GetPCLK1Freq  stm32f1xx_hal_rcc.o
    0x0800128c   0x0800128c   0x00000020   Code   RO         1280    i.HAL_RCC_GetPCLK2Freq  stm32f1xx_hal_rcc.o
    0x080012ac   0x080012ac   0x0000004c   Code   RO         1281    i.HAL_RCC_GetSysClockFreq  stm32f1xx_hal_rcc.o
    0x080012f8   0x080012f8   0x00000320   Code   RO         1284    i.HAL_RCC_OscConfig  stm32f1xx_hal_rcc.o
    0x08001618   0x08001618   0x000000b2   Code   RO         2522    i.HAL_SPI_Init      stm32f1xx_hal_spi.o
    0x080016ca   0x080016ca   0x00000002   PAD
    0x080016cc   0x080016cc   0x00000070   Code   RO          434    i.HAL_SPI_MspInit   spi.o
    0x0800173c   0x0800173c   0x00000002   Code   RO         3539    i.HAL_TIMEx_BreakCallback  stm32f1xx_hal_tim_ex.o
    0x0800173e   0x0800173e   0x00000002   Code   RO         3540    i.HAL_TIMEx_CommutCallback  stm32f1xx_hal_tim_ex.o
    0x08001740   0x08001740   0x00000054   Code   RO         3542    i.HAL_TIMEx_ConfigBreakDeadTime  stm32f1xx_hal_tim_ex.o
    0x08001794   0x08001794   0x00000068   Code   RO         3558    i.HAL_TIMEx_MasterConfigSynchronization  stm32f1xx_hal_tim_ex.o
    0x080017fc   0x080017fc   0x0000005c   Code   RO         2833    i.HAL_TIM_Base_DeInit  stm32f1xx_hal_tim.o
    0x08001858   0x08001858   0x0000005a   Code   RO         2835    i.HAL_TIM_Base_Init  stm32f1xx_hal_tim.o
    0x080018b2   0x080018b2   0x00000002   PAD
    0x080018b4   0x080018b4   0x0000002c   Code   RO          475    i.HAL_TIM_Base_MspDeInit  tim.o
    0x080018e0   0x080018e0   0x0000003c   Code   RO          476    i.HAL_TIM_Base_MspInit  tim.o
    0x0800191c   0x0800191c   0x00000058   Code   RO         2840    i.HAL_TIM_Base_Start_IT  stm32f1xx_hal_tim.o
    0x08001974   0x08001974   0x000000dc   Code   RO         2844    i.HAL_TIM_ConfigClockSource  stm32f1xx_hal_tim.o
    0x08001a50   0x08001a50   0x00000002   Code   RO         2869    i.HAL_TIM_IC_CaptureCallback  stm32f1xx_hal_tim.o
    0x08001a52   0x08001a52   0x00000166   Code   RO         2883    i.HAL_TIM_IRQHandler  stm32f1xx_hal_tim.o
    0x08001bb8   0x08001bb8   0x000000ec   Code   RO          477    i.HAL_TIM_MspPostInit  tim.o
    0x08001ca4   0x08001ca4   0x00000002   Code   RO         2886    i.HAL_TIM_OC_DelayElapsedCallback  stm32f1xx_hal_tim.o
    0x08001ca6   0x08001ca6   0x000000cc   Code   RO         2907    i.HAL_TIM_PWM_ConfigChannel  stm32f1xx_hal_tim.o
    0x08001d72   0x08001d72   0x0000005a   Code   RO         2910    i.HAL_TIM_PWM_Init  stm32f1xx_hal_tim.o
    0x08001dcc   0x08001dcc   0x00000028   Code   RO          479    i.HAL_TIM_PWM_MspInit  tim.o
    0x08001df4   0x08001df4   0x00000002   Code   RO         2913    i.HAL_TIM_PWM_PulseFinishedCallback  stm32f1xx_hal_tim.o
    0x08001df6   0x08001df6   0x00000002   PAD
    0x08001df8   0x08001df8   0x0000009c   Code   RO         2915    i.HAL_TIM_PWM_Start  stm32f1xx_hal_tim.o
    0x08001e94   0x08001e94   0x00000070   Code   RO         2918    i.HAL_TIM_PWM_Stop  stm32f1xx_hal_tim.o
    0x08001f04   0x08001f04   0x00000014   Code   RO           14    i.HAL_TIM_PeriodElapsedCallback  main.o
    0x08001f18   0x08001f18   0x00000002   Code   RO         2926    i.HAL_TIM_TriggerCallback  stm32f1xx_hal_tim.o
    0x08001f1a   0x08001f1a   0x00000064   Code   RO         3836    i.HAL_UART_Init     stm32f1xx_hal_uart.o
    0x08001f7e   0x08001f7e   0x00000002   PAD
    0x08001f80   0x08001f80   0x00000070   Code   RO          548    i.HAL_UART_MspInit  usart.o
    0x08001ff0   0x08001ff0   0x00000002   Code   RO          634    i.HardFault_Handler  stm32f1xx_it.o
    0x08001ff2   0x08001ff2   0x0000002e   Code   RO         2128    i.I2C_IsAcknowledgeFailed  stm32f1xx_hal_i2c.o
    0x08002020   0x08002020   0x0000009c   Code   RO         2132    i.I2C_MasterRequestWrite  stm32f1xx_hal_i2c.o
    0x080020bc   0x080020bc   0x000000a8   Code   RO         2139    i.I2C_RequestMemoryWrite  stm32f1xx_hal_i2c.o
    0x08002164   0x08002164   0x00000056   Code   RO         2143    i.I2C_WaitOnBTFFlagUntilTimeout  stm32f1xx_hal_i2c.o
    0x080021ba   0x080021ba   0x00000002   PAD
    0x080021bc   0x080021bc   0x00000090   Code   RO         2144    i.I2C_WaitOnFlagUntilTimeout  stm32f1xx_hal_i2c.o
    0x0800224c   0x0800224c   0x000000bc   Code   RO         2145    i.I2C_WaitOnMasterAddressFlagUntilTimeout  stm32f1xx_hal_i2c.o
    0x08002308   0x08002308   0x00000056   Code   RO         2147    i.I2C_WaitOnTXEFlagUntilTimeout  stm32f1xx_hal_i2c.o
    0x0800235e   0x0800235e   0x00000002   PAD
    0x08002360   0x08002360   0x00000120   Code   RO         6848    i.IRReceiver_IRQTimes_Parse  driver_ir_receiver.o
    0x08002480   0x08002480   0x000000b8   Code   RO         6849    i.IRReceiver_IRQ_Callback  driver_ir_receiver.o
    0x08002538   0x08002538   0x00000002   Code   RO         6850    i.IRReceiver_Init   driver_ir_receiver.o
    0x0800253a   0x0800253a   0x00000002   PAD
    0x0800253c   0x0800253c   0x0000002c   Code   RO         6851    i.IRReceiver_Read   driver_ir_receiver.o
    0x08002568   0x08002568   0x00000004   Code   RO         6604    i.LCD_Clear         driver_lcd.o
    0x0800256c   0x0800256c   0x00000004   Code   RO         6605    i.LCD_ClearLine     driver_lcd.o
    0x08002570   0x08002570   0x00000004   Code   RO         6606    i.LCD_Init          driver_lcd.o
    0x08002574   0x08002574   0x00000004   Code   RO         6609    i.LCD_PrintString   driver_lcd.o
    0x08002578   0x08002578   0x00000020   Code   RO         6291    i.Led_Control       driver_led.o
    0x08002598   0x08002598   0x00000054   Code   RO         6292    i.Led_Init          driver_led.o
    0x080025ec   0x080025ec   0x00000026   Code   RO         6293    i.Led_Test          driver_led.o
    0x08002612   0x08002612   0x00000002   PAD
    0x08002614   0x08002614   0x00000050   Code   RO          761    i.MUSIC_Analysis    music.o
    0x08002664   0x08002664   0x00000050   Code   RO          351    i.MX_ADC1_Init      adc.o
    0x080026b4   0x080026b4   0x0000007c   Code   RO          242    i.MX_FREERTOS_Init  freertos.o
    0x08002730   0x08002730   0x00000150   Code   RO          218    i.MX_GPIO_Init      gpio.o
    0x08002880   0x08002880   0x00000040   Code   RO          393    i.MX_I2C1_Init      i2c.o
    0x080028c0   0x080028c0   0x00000048   Code   RO          435    i.MX_SPI1_Init      spi.o
    0x08002908   0x08002908   0x000000d0   Code   RO          480    i.MX_TIM1_Init      tim.o
    0x080029d8   0x080029d8   0x000000bc   Code   RO          481    i.MX_TIM2_Init      tim.o
    0x08002a94   0x08002a94   0x00000078   Code   RO          482    i.MX_TIM3_Init      tim.o
    0x08002b0c   0x08002b0c   0x00000038   Code   RO          549    i.MX_USART1_UART_Init  usart.o
    0x08002b44   0x08002b44   0x00000034   Code   RO          591    i.MX_USB_PCD_Init   usb.o
    0x08002b78   0x08002b78   0x00000002   Code   RO          635    i.MemManage_Handler  stm32f1xx_it.o
    0x08002b7a   0x08002b7a   0x00000002   Code   RO          636    i.NMI_Handler       stm32f1xx_it.o
    0x08002b7c   0x08002b7c   0x0000002a   Code   RO         6333    i.OLED_Clear        driver_oled.o
    0x08002ba6   0x08002ba6   0x0000001c   Code   RO         6334    i.OLED_ClearLine    driver_oled.o
    0x08002bc2   0x08002bc2   0x00000002   PAD
    0x08002bc4   0x08002bc4   0x00000094   Code   RO         6335    i.OLED_Init         driver_oled.o
    0x08002c58   0x08002c58   0x00000032   Code   RO         6338    i.OLED_PrintString  driver_oled.o
    0x08002c8a   0x08002c8a   0x00000002   PAD
    0x08002c8c   0x08002c8c   0x00000048   Code   RO         6339    i.OLED_PutChar      driver_oled.o
    0x08002cd4   0x08002cd4   0x0000002c   Code   RO         6340    i.OLED_SetComConfig  driver_oled.o
    0x08002d00   0x08002d00   0x00000040   Code   RO         6341    i.OLED_SetPosition  driver_oled.o
    0x08002d40   0x08002d40   0x00000028   Code   RO         6343    i.OLED_WriteCmd     driver_oled.o
    0x08002d68   0x08002d68   0x00000020   Code   RO         6344    i.OLED_WriteNBytes  driver_oled.o
    0x08002d88   0x08002d88   0x00000018   Code   RO         6758    i.PassiveBuzzer_Control  driver_passive_buzzer.o
    0x08002da0   0x08002da0   0x00000068   Code   RO         6759    i.PassiveBuzzer_Init  driver_passive_buzzer.o
    0x08002e08   0x08002e08   0x00000088   Code   RO         6760    i.PassiveBuzzer_Set_Freq_Duty  driver_passive_buzzer.o
    0x08002e90   0x08002e90   0x0000000a   Code   RO          762    i.PlayMusic         music.o
    0x08002e9a   0x08002e9a   0x00000002   PAD
    0x08002e9c   0x08002e9c   0x0000002c   Code   RO         6853    i.PutKeyToBuf       driver_ir_receiver.o
    0x08002ec8   0x08002ec8   0x0000006c   Code   RO         7155    i.RotaryEncoder_IRQ_Callback  driver_rotary_encoder.o
    0x08002f34   0x08002f34   0x000000c4   Code   RO          243    i.StartDefaultTask  freertos.o
    0x08002ff8   0x08002ff8   0x0000002c   Code   RO         6212    i.SysTick_Handler   port.o
    0x08003024   0x08003024   0x0000007c   Code   RO           15    i.SystemClock_Config  main.o
    0x080030a0   0x080030a0   0x00000002   Code   RO         4635    i.SystemInit        system_stm32f1xx.o
    0x080030a2   0x080030a2   0x00000002   PAD
    0x080030a4   0x080030a4   0x0000000c   Code   RO          637    i.TIM4_IRQHandler   stm32f1xx_it.o
    0x080030b0   0x080030b0   0x0000006c   Code   RO         2928    i.TIM_Base_SetConfig  stm32f1xx_hal_tim.o
    0x0800311c   0x0800311c   0x0000001a   Code   RO         2929    i.TIM_CCxChannelCmd  stm32f1xx_hal_tim.o
    0x08003136   0x08003136   0x00000014   Code   RO         2939    i.TIM_ETR_SetConfig  stm32f1xx_hal_tim.o
    0x0800314a   0x0800314a   0x00000010   Code   RO         2940    i.TIM_ITRx_SetConfig  stm32f1xx_hal_tim.o
    0x0800315a   0x0800315a   0x00000002   PAD
    0x0800315c   0x0800315c   0x00000050   Code   RO         2941    i.TIM_OC1_SetConfig  stm32f1xx_hal_tim.o
    0x080031ac   0x080031ac   0x00000058   Code   RO         2942    i.TIM_OC2_SetConfig  stm32f1xx_hal_tim.o
    0x08003204   0x08003204   0x00000058   Code   RO         2943    i.TIM_OC3_SetConfig  stm32f1xx_hal_tim.o
    0x0800325c   0x0800325c   0x00000044   Code   RO         2944    i.TIM_OC4_SetConfig  stm32f1xx_hal_tim.o
    0x080032a0   0x080032a0   0x00000022   Code   RO         2946    i.TIM_TI1_ConfigInputStage  stm32f1xx_hal_tim.o
    0x080032c2   0x080032c2   0x00000024   Code   RO         2948    i.TIM_TI2_ConfigInputStage  stm32f1xx_hal_tim.o
    0x080032e6   0x080032e6   0x00000002   PAD
    0x080032e8   0x080032e8   0x000000b8   Code   RO         3862    i.UART_SetConfig    stm32f1xx_hal_uart.o
    0x080033a0   0x080033a0   0x00000004   Code   RO         4451    i.USB_CoreInit      stm32f1xx_ll_usb.o
    0x080033a4   0x080033a4   0x00000004   Code   RO         4455    i.USB_DevDisconnect  stm32f1xx_ll_usb.o
    0x080033a8   0x080033a8   0x00000012   Code   RO         4456    i.USB_DevInit       stm32f1xx_ll_usb.o
    0x080033ba   0x080033ba   0x0000000e   Code   RO         4457    i.USB_DisableGlobalInt  stm32f1xx_ll_usb.o
    0x080033c8   0x080033c8   0x00000004   Code   RO         4472    i.USB_SetCurrentMode  stm32f1xx_ll_usb.o
    0x080033cc   0x080033cc   0x00000002   Code   RO          638    i.UsageFault_Handler  stm32f1xx_it.o
    0x080033ce   0x080033ce   0x00000020   Code   RO         1587    i.__NVIC_SetPriority  stm32f1xx_hal_cortex.o
    0x080033ee   0x080033ee   0x0000000e   Code   RO         7678    i.__scatterload_copy  mc_w.l(handlers.o)
    0x080033fc   0x080033fc   0x00000002   Code   RO         7679    i.__scatterload_null  mc_w.l(handlers.o)
    0x080033fe   0x080033fe   0x0000000e   Code   RO         7680    i.__scatterload_zeroinit  mc_w.l(handlers.o)
    0x0800340c   0x0800340c   0x0000003a   Code   RO           16    i.main              main.o
    0x08003446   0x08003446   0x0000001a   Code   RO         6490    i.mdelay            driver_timer.o
    0x08003460   0x08003460   0x00000038   Code   RO         5755    i.osKernelInitialize  cmsis_os2.o
    0x08003498   0x08003498   0x00000040   Code   RO         5758    i.osKernelStart     cmsis_os2.o
    0x080034d8   0x080034d8   0x000000a4   Code   RO         5792    i.osThreadNew       cmsis_os2.o
    0x0800357c   0x0800357c   0x0000005c   Code   RO         5237    i.prvAddCurrentTaskToDelayedList  tasks.o
    0x080035d8   0x080035d8   0x000000d0   Code   RO         5238    i.prvAddNewTaskToReadyList  tasks.o
    0x080036a8   0x080036a8   0x00000058   Code   RO         5587    i.prvCheckForValidListAndQueue  timers.o
    0x08003700   0x08003700   0x00000026   Code   RO         4840    i.prvCopyDataFromQueue  queue.o
    0x08003726   0x08003726   0x0000006c   Code   RO         4841    i.prvCopyDataToQueue  queue.o
    0x08003792   0x08003792   0x00000034   Code   RO         5239    i.prvDeleteTCB      tasks.o
    0x080037c6   0x080037c6   0x00000002   PAD
    0x080037c8   0x080037c8   0x0000004c   Code   RO         6162    i.prvHeapInit       heap_4.o
    0x08003814   0x08003814   0x00000060   Code   RO         5240    i.prvIdleTask       tasks.o
    0x08003874   0x08003874   0x00000022   Code   RO         4843    i.prvInitialiseNewQueue  queue.o
    0x08003896   0x08003896   0x0000009c   Code   RO         5241    i.prvInitialiseNewTask  tasks.o
    0x08003932   0x08003932   0x00000002   PAD
    0x08003934   0x08003934   0x0000004c   Code   RO         6163    i.prvInsertBlockIntoFreeList  heap_4.o
    0x08003980   0x08003980   0x00000038   Code   RO         5589    i.prvInsertTimerInActiveList  timers.o
    0x080039b8   0x080039b8   0x0000001c   Code   RO         4844    i.prvIsQueueEmpty   queue.o
    0x080039d4   0x080039d4   0x000000cc   Code   RO         5590    i.prvProcessReceivedCommands  timers.o
    0x08003aa0   0x08003aa0   0x000000b4   Code   RO         5591    i.prvProcessTimerOrBlockTask  timers.o
    0x08003b54   0x08003b54   0x00000020   Code   RO         5243    i.prvResetNextTaskUnblockTime  tasks.o
    0x08003b74   0x08003b74   0x00000028   Code   RO         5592    i.prvSampleTimeNow  timers.o
    0x08003b9c   0x08003b9c   0x0000006c   Code   RO         5593    i.prvSwitchTimerLists  timers.o
    0x08003c08   0x08003c08   0x00000028   Code   RO         6213    i.prvTaskExitError  port.o
    0x08003c30   0x08003c30   0x00000024   Code   RO         5594    i.prvTimerTask      timers.o
    0x08003c54   0x08003c54   0x0000006a   Code   RO         4845    i.prvUnlockQueue    queue.o
    0x08003cbe   0x08003cbe   0x00000002   PAD
    0x08003cc0   0x08003cc0   0x000000d8   Code   RO         6164    i.pvPortMalloc      heap_4.o
    0x08003d98   0x08003d98   0x00000024   Code   RO         6214    i.pxPortInitialiseStack  port.o
    0x08003dbc   0x08003dbc   0x00000044   Code   RO         6491    i.system_get_ns     driver_timer.o
    0x08003e00   0x08003e00   0x00000038   Code   RO         6492    i.udelay            driver_timer.o
    0x08003e38   0x08003e38   0x00000026   Code   RO         4800    i.uxListRemove      list.o
    0x08003e5e   0x08003e5e   0x00000002   PAD
    0x08003e60   0x08003e60   0x00000014   Code   RO         5804    i.vApplicationGetIdleTaskMemory  cmsis_os2.o
    0x08003e74   0x08003e74   0x00000018   Code   RO         5805    i.vApplicationGetTimerTaskMemory  cmsis_os2.o
    0x08003e8c   0x08003e8c   0x00000016   Code   RO         4801    i.vListInitialise   list.o
    0x08003ea2   0x08003ea2   0x00000006   Code   RO         4802    i.vListInitialiseItem  list.o
    0x08003ea8   0x08003ea8   0x00000030   Code   RO         4803    i.vListInsert       list.o
    0x08003ed8   0x08003ed8   0x00000018   Code   RO         4804    i.vListInsertEnd    list.o
    0x08003ef0   0x08003ef0   0x00000040   Code   RO         6216    i.vPortEnterCritical  port.o
    0x08003f30   0x08003f30   0x00000028   Code   RO         6217    i.vPortExitCritical  port.o
    0x08003f58   0x08003f58   0x0000005c   Code   RO         6165    i.vPortFree         heap_4.o
    0x08003fb4   0x08003fb4   0x00000024   Code   RO         6218    i.vPortSetupTimerInterrupt  port.o
    0x08003fd8   0x08003fd8   0x00000054   Code   RO         6219    i.vPortValidateInterruptPriority  port.o
    0x0800402c   0x0800402c   0x00000028   Code   RO         4851    i.vQueueAddToRegistry  queue.o
    0x08004054   0x08004054   0x00000044   Code   RO         4855    i.vQueueWaitForMessageRestricted  queue.o
    0x08004098   0x08004098   0x00000090   Code   RO         5257    i.vTaskDelete       tasks.o
    0x08004128   0x08004128   0x00000010   Code   RO         5260    i.vTaskInternalSetTimeOutState  tasks.o
    0x08004138   0x08004138   0x0000000c   Code   RO         5261    i.vTaskMissedYield  tasks.o
    0x08004144   0x08004144   0x00000030   Code   RO         5263    i.vTaskPlaceOnEventList  tasks.o
    0x08004174   0x08004174   0x00000038   Code   RO         5264    i.vTaskPlaceOnEventListRestricted  tasks.o
    0x080041ac   0x080041ac   0x00000088   Code   RO         5272    i.vTaskStartScheduler  tasks.o
    0x08004234   0x08004234   0x00000010   Code   RO         5274    i.vTaskSuspendAll   tasks.o
    0x08004244   0x08004244   0x00000064   Code   RO         5275    i.vTaskSwitchContext  tasks.o
    0x080042a8   0x080042a8   0x000000a8   Code   RO         6220    i.xPortStartScheduler  port.o
    0x08004350   0x08004350   0x00000066   Code   RO         4861    i.xQueueGenericCreateStatic  queue.o
    0x080043b6   0x080043b6   0x00000002   PAD
    0x080043b8   0x080043b8   0x00000088   Code   RO         4862    i.xQueueGenericReset  queue.o
    0x08004440   0x08004440   0x00000160   Code   RO         4863    i.xQueueGenericSend  queue.o
    0x080045a0   0x080045a0   0x000000bc   Code   RO         4864    i.xQueueGenericSendFromISR  queue.o
    0x0800465c   0x0800465c   0x00000138   Code   RO         4873    i.xQueueReceive     queue.o
    0x08004794   0x08004794   0x00000074   Code   RO         5276    i.xTaskCheckForTimeOut  tasks.o
    0x08004808   0x08004808   0x0000005a   Code   RO         5277    i.xTaskCreate       tasks.o
    0x08004862   0x08004862   0x00000056   Code   RO         5278    i.xTaskCreateStatic  tasks.o
    0x080048b8   0x080048b8   0x0000001c   Code   RO         5282    i.xTaskGetSchedulerState  tasks.o
    0x080048d4   0x080048d4   0x0000000c   Code   RO         5283    i.xTaskGetTickCount  tasks.o
    0x080048e0   0x080048e0   0x000000c8   Code   RO         5285    i.xTaskIncrementTick  tasks.o
    0x080049a8   0x080049a8   0x00000080   Code   RO         5288    i.xTaskPriorityDisinherit  tasks.o
    0x08004a28   0x08004a28   0x00000070   Code   RO         5290    i.xTaskRemoveFromEventList  tasks.o
    0x08004a98   0x08004a98   0x000000c4   Code   RO         5291    i.xTaskResumeAll    tasks.o
    0x08004b5c   0x08004b5c   0x00000060   Code   RO         5601    i.xTimerCreateTimerTask  timers.o
    0x08004bbc   0x08004bbc   0x00000068   Code   RO         5602    i.xTimerGenericCommand  timers.o
    0x08004c24   0x08004c24   0x00000024   Data   RO          245    .constdata          freertos.o
    0x08004c48   0x08004c48   0x00000012   Data   RO         1285    .constdata          stm32f1xx_hal_rcc.o
    0x08004c5a   0x08004c5a   0x00000010   Data   RO         4636    .constdata          system_stm32f1xx.o
    0x08004c6a   0x08004c6a   0x00000008   Data   RO         4637    .constdata          system_stm32f1xx.o
    0x08004c72   0x08004c72   0x00000800   Data   RO         6345    .constdata          driver_oled.o
    0x08005472   0x08005472   0x00000002   PAD
    0x08005474   0x08005474   0x0000000c   Data   RO          246    .conststring        freertos.o
    0x08005480   0x08005480   0x00000020   Data   RO         7676    Region$$Table       anon$$obj.o


    Execution Region RW_IRAM1 (Exec base: 0x20000000, Load base: 0x080054a0, Size: 0x000039d0, Max: 0x00005000, ABSOLUTE, COMPRESSED[0x000001d4])

    Exec Addr    Load Addr    Size         Type   Attr      Idx    E Section Name        Object

    0x20000000   COMPRESSED   0x0000000c   Data   RW          247    .data               freertos.o
    0x2000000c   COMPRESSED   0x00000f96   Data   RW          763    .data               music.o
    0x20000fa2   COMPRESSED   0x00000002   PAD
    0x20000fa4   COMPRESSED   0x0000000c   Data   RW         1122    .data               stm32f1xx_hal.o
    0x20000fb0   COMPRESSED   0x00000004   Data   RW         4638    .data               system_stm32f1xx.o
    0x20000fb4   COMPRESSED   0x0000003c   Data   RW         5294    .data               tasks.o
    0x20000ff0   COMPRESSED   0x00000014   Data   RW         5610    .data               timers.o
    0x20001004   COMPRESSED   0x00000004   Data   RW         5807    .data               cmsis_os2.o
    0x20001008   COMPRESSED   0x00000018   Data   RW         6170    .data               heap_4.o
    0x20001020   COMPRESSED   0x0000000c   Data   RW         6221    .data               port.o
    0x2000102c   COMPRESSED   0x00000008   Data   RW         6346    .data               driver_oled.o
    0x20001034   COMPRESSED   0x00000004   Data   RW         6762    .data               driver_passive_buzzer.o
    0x20001038   COMPRESSED   0x00000004   Data   RW         6808    .data               driver_color_led.o
    0x2000103c   COMPRESSED   0x00000004   PAD
    0x20001040   COMPRESSED   0x00000018   Data   RW         6857    .data               driver_ir_receiver.o
    0x20001058   COMPRESSED   0x00000018   Data   RW         7159    .data               driver_rotary_encoder.o
    0x20001070        -       0x000004b8   Zero   RW          244    .bss                freertos.o
    0x20001528        -       0x00000030   Zero   RW          352    .bss                adc.o
    0x20001558        -       0x00000054   Zero   RW          394    .bss                i2c.o
    0x200015ac        -       0x00000058   Zero   RW          436    .bss                spi.o
    0x20001604        -       0x000000d8   Zero   RW          483    .bss                tim.o
    0x200016dc        -       0x00000048   Zero   RW          550    .bss                usart.o
    0x20001724        -       0x000002f0   Zero   RW          592    .bss                usb.o
    0x20001a14        -       0x00000048   Zero   RW          728    .bss                stm32f1xx_hal_timebase_tim.o
    0x20001a5c        -       0x00000040   Zero   RW         4877    .bss                queue.o
    0x20001a9c        -       0x000004c4   Zero   RW         5293    .bss                tasks.o
    0x20001f60        -       0x00000118   Zero   RW         5609    .bss                timers.o
    0x20002078        -       0x000006b8   Zero   RW         5806    .bss                cmsis_os2.o
    0x20002730        -       0x00000c00   Zero   RW         6169    .bss                heap_4.o
    0x20003330        -       0x000002a0   Zero   RW         6854    .bss                driver_ir_receiver.o
    0x200035d0        -       0x00000400   Zero   RW            1    STACK               startup_stm32f103xb.o


==============================================================================

Image component sizes


      Code (inc. data)   RO Data    RW Data    ZI Data      Debug   Object Name

       168         22          0          0         48       1717   adc.o
       328         26          0          4       1720      13688   cmsis_os2.o
       200         10          0          4          0       2215   driver_color_led.o
       606         78          0         24        672       5180   driver_ir_receiver.o
        22          0          0          0          0        553   driver_irq.o
        16          0          0          0          0       2061   driver_lcd.o
       154         16          0          0          0       2156   driver_led.o
       520         30       2048          8          0       9102   driver_oled.o
       264         30          0          4          0       2783   driver_passive_buzzer.o
       108         12          0         24          0       2631   driver_rotary_encoder.o
       150         14          0          0          0       2478   driver_timer.o
         0          0          0          0          0      20260   event_groups.o
       320        110         48         12       1208       8225   freertos.o
       336         26          0          0          0       1083   gpio.o
       460         24          0         24       3072       4779   heap_4.o
       156         26          0          0         84       1705   i2c.o
       138          0          0          0          0       3506   list.o
       206          6          0          0          0     488960   main.o
        90          6          0       3990          0       1827   music.o
       662         70          0         12          0      11037   port.o
      1512         20          0          0         64      17172   queue.o
       184         24          0          0         88       1729   spi.o
        36          8        236          0       1024        820   startup_stm32f103xb.o
        64         14          0         12          0       4750   stm32f1xx_hal.o
       622         24          0          0          0       3376   stm32f1xx_hal_adc.o
       158         14          0          0          0      28278   stm32f1xx_hal_cortex.o
       524         40          0          0          0       4202   stm32f1xx_hal_gpio.o
      1870         48          0          0          0      11565   stm32f1xx_hal_i2c.o
        72         10          0          0          0        906   stm32f1xx_hal_msp.o
       218          0          0          0          0       1544   stm32f1xx_hal_pcd.o
      1304         94         18          0          0       5877   stm32f1xx_hal_rcc.o
       236         12          0          0          0       1420   stm32f1xx_hal_rcc_ex.o
       178          0          0          0          0       1267   stm32f1xx_hal_spi.o
      1982         62          0          0          0      17365   stm32f1xx_hal_tim.o
       192         12          0          0          0       3289   stm32f1xx_hal_tim_ex.o
       152         20          0          0         72       1535   stm32f1xx_hal_timebase_tim.o
       284          6          0          0          0       1988   stm32f1xx_hal_uart.o
        54          6          0          0          0       3662   stm32f1xx_it.o
        44          0          0          0          0       3448   stm32f1xx_ll_usb.o
         0          0          0          0          0       8904   stream_buffer.o
         2          0         24          4          0       1175   system_stm32f1xx.o
      2132        174          0         60       1220      23777   tasks.o
       896         76          0          0        216       5233   tim.o
       912         82          0         20        280      26271   timers.o
       168         20          0          0         72       1758   usart.o
        92         20          0          0        752       1598   usb.o

    ----------------------------------------------------------------------
     18838       1292       2408       4208      10592     768855   Object Totals
         0          0         32          0          0          0   (incl. Generated)
        46          0          2          6          0          0   (incl. Padding)

    ----------------------------------------------------------------------

      Code (inc. data)   RO Data    RW Data    ZI Data      Debug   Library Member Name

        94          0          0          0          0          0   __dclz77c.o
         0          0          0          0          0          0   entry.o
         0          0          0          0          0          0   entry10a.o
         0          0          0          0          0          0   entry11a.o
         4          0          0          0          0          0   entry12b.o
         8          4          0          0          0          0   entry2.o
         4          0          0          0          0          0   entry5.o
         0          0          0          0          0          0   entry7b.o
         0          0          0          0          0          0   entry8b.o
         8          4          0          0          0          0   entry9a.o
        30          0          0          0          0          0   handlers.o
        36          8          0          0          0         68   init.o
        30          0          0          0          0         68   llshl.o
        32          0          0          0          0         68   llushr.o
        36          0          0          0          0         68   memcpya.o
        36          0          0          0          0        108   memseta.o
        98          0          0          0          0         92   uldiv.o

    ----------------------------------------------------------------------
       418         16          0          0          0        472   Library Totals
         2          0          0          0          0          0   (incl. Padding)

    ----------------------------------------------------------------------

      Code (inc. data)   RO Data    RW Data    ZI Data      Debug   Library Name

       416         16          0          0          0        472   mc_w.l

    ----------------------------------------------------------------------
       418         16          0          0          0        472   Library Totals

    ----------------------------------------------------------------------

==============================================================================


      Code (inc. data)   RO Data    RW Data    ZI Data      Debug   

     19256       1308       2408       4208      10592     759107   Grand Totals
     19256       1308       2408        468      10592     759107   ELF Image Totals (compressed)
     19256       1308       2408        468          0          0   ROM Totals

==============================================================================

    Total RO  Size (Code + RO Data)                21664 (  21.16kB)
    Total RW  Size (RW Data + ZI Data)             14800 (  14.45kB)
    Total ROM Size (Code + RO Data + RW Data)      22132 (  21.61kB)

==============================================================================

