<html>
<body>
<pre>
<h1>µVision Build Log</h1>
<h2>Tool Versions:</h2>
IDE-Version: ¦ÌVision V5.24.2.0
Copyright (C) 2017 ARM Ltd and ARM Germany GmbH. All rights reserved.
License Information: A Tom, HP Inc., LIC=CZLZX-H5G1B-GKTBG-VTXRZ-C6LJA-Q9QDR
 
Tool Versions:
Toolchain:       MDK-ARM Plus  Version: 5.24.1
Toolchain Path:  E:\keil5\ARM\ARMCC\Bin
C Compiler:      Armcc.exe V5.06 update 7 (build 960)
Assembler:       Armasm.exe V5.06 update 7 (build 960)
Linker/Locator:  ArmLink.exe V5.06 update 7 (build 960)
Library Manager: ArmAr.exe V5.06 update 7 (build 960)
Hex Converter:   FromElf.exe V5.06 update 7 (build 960)
CPU DLL:         SARMCM3.DLL V5.24.1
Dialog DLL:      DCM.DLL V1.16.0.0
Target DLL:      STLink\ST-LINKIII-KEIL_SWO.dll V3.0.1.0
Dialog DLL:      TCM.DLL V1.32.0.0
 
<h2>Project:</h2>
e:\weidongshan\18_semaphore_not_use\02_nwatch_game_freertos\MDK-ARM\01_freertos_template.uvprojx
Project File Date:  12/09/2025

<h2>Output:</h2>
*** Using Compiler 'V5.06 update 7 (build 960)', folder: 'E:\keil5\ARM\ARMCC\Bin'
Build target '01_freertos_template'
compiling game2.c...
..\nwatch\game2.c(99): warning:  #177-D: variable "idata"  was declared but never referenced
  	struct ir_data idata;
..\nwatch\game2.c(135): warning:  #177-D: variable "x"  was declared but never referenced
  	int x;
..\nwatch\game2.c(36): warning:  #550-D: variable "g_framebuffer"  was set but never used
  static uint8_t *g_framebuffer;
..\nwatch\game2.c: 3 warnings, 0 errors
linking...
Program Size: Code=24304 RO-data=2556 RW-data=4284 ZI-data=15548  
FromELF: creating hex file...
"01_freertos_template\01_freertos_template.axf" - 0 Error(s), 3 Warning(s).

<h2>Software Packages used:</h2>

Package Vendor: ARM
                http://www.keil.com/pack/ARM.CMSIS.5.0.1.pack
                ARM.CMSIS.5.0.1
                CMSIS (Cortex Microcontroller Software Interface Standard)
   * Component: CORE Version: 5.0.1

Package Vendor: Keil
                http://www.keil.com/pack/Keil.STM32F1xx_DFP.2.4.0.pack
                Keil.STM32F1xx_DFP.2.4.0
                STMicroelectronics STM32F1 Series Device Support, Drivers and Examples

<h2>Collection of Component include folders:</h2>
  .\RTE\_01_freertos_template
  E:\keil5\ARM\PACK\ARM\CMSIS\5.0.1\CMSIS\Include
  E:\keil5\ARM\PACK\Keil\STM32F1xx_DFP\2.4.0\Device\Include

<h2>Collection of Component Files used:</h2>

   * Component: ARM::CMSIS:CORE:5.0.1
Build Time Elapsed:  00:00:06
</pre>
</body>
</html>
